Archive member included because of file (symbol)

/opt/CodeSourcery/Sourcery_G++_Lite/arm-none-eabi/lib/libc.a(lib_a-vsprintf.o)
                              Uart.o (vsprintf)
/opt/CodeSourcery/Sourcery_G++_Lite/arm-none-eabi/lib/libc.a(lib_a-impure.o)
                              /opt/CodeSourcery/Sourcery_G++_Lite/arm-none-eabi/lib/libc.a(lib_a-vsprintf.o) (_impure_ptr)
/opt/CodeSourcery/Sourcery_G++_Lite/arm-none-eabi/lib/libc.a(lib_a-svfprintf.o)
                              /opt/CodeSourcery/Sourcery_G++_Lite/arm-none-eabi/lib/libc.a(lib_a-vsprintf.o) (_svfprintf_r)
/opt/CodeSourcery/Sourcery_G++_Lite/arm-none-eabi/lib/libc.a(lib_a-dtoa.o)
                              /opt/CodeSourcery/Sourcery_G++_Lite/arm-none-eabi/lib/libc.a(lib_a-svfprintf.o) (_dtoa_r)
/opt/CodeSourcery/Sourcery_G++_Lite/arm-none-eabi/lib/libc.a(lib_a-locale.o)
                              /opt/CodeSourcery/Sourcery_G++_Lite/arm-none-eabi/lib/libc.a(lib_a-svfprintf.o) (_localeconv_r)
/opt/CodeSourcery/Sourcery_G++_Lite/arm-none-eabi/lib/libc.a(lib_a-mallocr.o)
                              /opt/CodeSourcery/Sourcery_G++_Lite/arm-none-eabi/lib/libc.a(lib_a-svfprintf.o) (_malloc_r)
/opt/CodeSourcery/Sourcery_G++_Lite/arm-none-eabi/lib/libc.a(lib_a-memchr.o)
                              /opt/CodeSourcery/Sourcery_G++_Lite/arm-none-eabi/lib/libc.a(lib_a-svfprintf.o) (memchr)
/opt/CodeSourcery/Sourcery_G++_Lite/arm-none-eabi/lib/libc.a(lib_a-memcpy.o)
                              /opt/CodeSourcery/Sourcery_G++_Lite/arm-none-eabi/lib/libc.a(lib_a-dtoa.o) (memcpy)
/opt/CodeSourcery/Sourcery_G++_Lite/arm-none-eabi/lib/libc.a(lib_a-mlock.o)
                              /opt/CodeSourcery/Sourcery_G++_Lite/arm-none-eabi/lib/libc.a(lib_a-mallocr.o) (__malloc_lock)
/opt/CodeSourcery/Sourcery_G++_Lite/arm-none-eabi/lib/libc.a(lib_a-mprec.o)
                              /opt/CodeSourcery/Sourcery_G++_Lite/arm-none-eabi/lib/libc.a(lib_a-dtoa.o) (_Balloc)
/opt/CodeSourcery/Sourcery_G++_Lite/arm-none-eabi/lib/libc.a(lib_a-s_fpclassify.o)
                              /opt/CodeSourcery/Sourcery_G++_Lite/arm-none-eabi/lib/libc.a(lib_a-svfprintf.o) (__fpclassifyd)
/opt/CodeSourcery/Sourcery_G++_Lite/arm-none-eabi/lib/libc.a(lib_a-sbrkr.o)
                              /opt/CodeSourcery/Sourcery_G++_Lite/arm-none-eabi/lib/libc.a(lib_a-mallocr.o) (_sbrk_r)
/opt/CodeSourcery/Sourcery_G++_Lite/arm-none-eabi/lib/libc.a(lib_a-strcmp.o)
                              /opt/CodeSourcery/Sourcery_G++_Lite/arm-none-eabi/lib/libc.a(lib_a-locale.o) (strcmp)
/opt/CodeSourcery/Sourcery_G++_Lite/arm-none-eabi/lib/libc.a(lib_a-strlen.o)
                              /opt/CodeSourcery/Sourcery_G++_Lite/arm-none-eabi/lib/libc.a(lib_a-svfprintf.o) (strlen)
/opt/CodeSourcery/Sourcery_G++_Lite/arm-none-eabi/lib/libc.a(lib_a-svfiprintf.o)
                              /opt/CodeSourcery/Sourcery_G++_Lite/arm-none-eabi/lib/libc.a(lib_a-svfprintf.o) (__ssprint_r)
/opt/CodeSourcery/Sourcery_G++_Lite/arm-none-eabi/lib/libc.a(lib_a-callocr.o)
                              /opt/CodeSourcery/Sourcery_G++_Lite/arm-none-eabi/lib/libc.a(lib_a-mprec.o) (_calloc_r)
/opt/CodeSourcery/Sourcery_G++_Lite/arm-none-eabi/lib/libc.a(lib_a-freer.o)
                              /opt/CodeSourcery/Sourcery_G++_Lite/arm-none-eabi/lib/libc.a(lib_a-mallocr.o) (_free_r)
/opt/CodeSourcery/Sourcery_G++_Lite/arm-none-eabi/lib/libc.a(lib_a-memmove.o)
                              /opt/CodeSourcery/Sourcery_G++_Lite/arm-none-eabi/lib/libc.a(lib_a-svfiprintf.o) (memmove)
/opt/CodeSourcery/Sourcery_G++_Lite/arm-none-eabi/lib/libc.a(lib_a-memset.o)
                              /opt/CodeSourcery/Sourcery_G++_Lite/arm-none-eabi/lib/libc.a(lib_a-callocr.o) (memset)
/opt/CodeSourcery/Sourcery_G++_Lite/arm-none-eabi/lib/libc.a(lib_a-reallocr.o)
                              /opt/CodeSourcery/Sourcery_G++_Lite/arm-none-eabi/lib/libc.a(lib_a-svfiprintf.o) (_realloc_r)
/opt/CodeSourcery/Sourcery_G++_Lite/arm-none-eabi/lib/libc.a(lib_a-reent.o)
                              /opt/CodeSourcery/Sourcery_G++_Lite/arm-none-eabi/lib/libc.a(lib_a-sbrkr.o) (errno)
/opt/CodeSourcery/Sourcery_G++_Lite/lib/gcc/arm-none-eabi/4.5.2/libgcc.a(_udivsi3.o)
                              Lcd.o (__aeabi_uidiv)
/opt/CodeSourcery/Sourcery_G++_Lite/lib/gcc/arm-none-eabi/4.5.2/libgcc.a(_divsi3.o)
                              Touch.o (__aeabi_idiv)
/opt/CodeSourcery/Sourcery_G++_Lite/lib/gcc/arm-none-eabi/4.5.2/libgcc.a(_dvmd_tls.o)
                              /opt/CodeSourcery/Sourcery_G++_Lite/lib/gcc/arm-none-eabi/4.5.2/libgcc.a(_udivsi3.o) (__aeabi_idiv0)
/opt/CodeSourcery/Sourcery_G++_Lite/lib/gcc/arm-none-eabi/4.5.2/libgcc.a(_arm_addsubdf3.o)
                              /opt/CodeSourcery/Sourcery_G++_Lite/arm-none-eabi/lib/libc.a(lib_a-dtoa.o) (__aeabi_dsub)
/opt/CodeSourcery/Sourcery_G++_Lite/lib/gcc/arm-none-eabi/4.5.2/libgcc.a(_arm_muldivdf3.o)
                              Timer.o (__aeabi_dmul)
[...]
Memory Configuration

Name             Origin             Length             Attributes
CODE             0x30000000         0x04000000         rw
_ISR_START       0x33ffff00         0x00000100         rw
*default*        0x00000000         0xffffffff

Linker script and memory map


.text           0x30000000     0xd480
 *s3c2450_startup.o(.text)
 .text          0x30000000      0x300 s3c2450_startup.o
                0x30000000                _start
                0x300000b0                ResetHandler
                0x300001a8                IsrIRQ
                0x30000254                _sbrk
 *(.text)
 .text          0x30000300     0x24e8 Lcd.o
                0x30000300                Lcd_Port_Init
                0x300003e0                NonPal_Lcd_Init
                0x30000504                NonPal_Put_Pixel
                0x30000560                Lcd_Draw_BMP
                0x30000850                init_lcd
                0x300008d0                paint_init
                0x300012d4                paint_number
                0x300013f0                paint_dot
                0x30001488                paint_time
                0x30001608                paint_hour0
                0x3000164c                paint_hour1
                0x30001690                paint_min0
                0x300016d4                paint_min1
                0x3000171c                paint_sec0
                0x30001764                paint_sec1
                0x300017a8                paint_bg
                0x30001b28                paint_frame
                0x30002080                paint_temperature
                0x3000265c                paint_temp_symbol
                0x30002724                paint_current
                0x30002744                paint_rect
 .text          0x300027e8      0x2f4 Main.o
                0x300027e8                Init
                0x30002848                Main
                0x300029bc                init_data_uart
                0x30002a20                init_colors
                0x30002a5c                get_data_uart
 *fill*         0x30002adc        0x4 00
 .text          0x30002ae0      0x448 Uart.o
                0x30002ae0                Uart_Init
                0x30002d24                Uart_Printf
                0x30002d6c                Uart_Send_String
                0x30002dbc                Uart_Send_Byte
                0x30002e40                Uart_Get_Char
                0x30002e88                Uart2_Get_Char
                0x30002ed8                Uart2_Send_Byte
 .text          0x30002f28      0x184 exception.o
                0x30002f28                SWI_Handler
                0x30002f44                Undef_Handler
                0x30002f60                Pabort_Handler
                0x30002f9c                Dabort_Handler
                0x30002fd8                Exception_Init
 .text          0x300030ac      0xccc Touch.o
                0x300030ac                init_touch
 .text          0x30003d78      0x1d0 Time.o
                0x30003d78                init_time
                0x30003da0                set_current_time
                0x30003e18                get_current_time
                0x30003ed8                inc_time
 .text          0x30003f48      0x248 Timer.o
                0x30003f48                init_timer1
                0x30004094                stop_timer1
 .text          0x30004190       0x7c /opt/CodeSourcery/Sourcery_G++_Lite/arm-none-eabi/lib/libc.a(lib_a-vsprintf.o)
                0x30004190                _vsprintf_r
                0x300041e0                vsprintf
 .text          0x3000420c        0x0 /opt/CodeSourcery/Sourcery_G++_Lite/arm-none-eabi/lib/libc.a(lib_a-impure.o)
 .text          0x3000420c     0x2138 /opt/CodeSourcery/Sourcery_G++_Lite/arm-none-eabi/lib/libc.a(lib_a-svfprintf.o)
                0x3000420c                _svfprintf_r
 *fill*         0x30006344        0x4 00
 .text          0x30006348     0x17d0 /opt/CodeSourcery/Sourcery_G++_Lite/arm-none-eabi/lib/libc.a(lib_a-dtoa.o)
                0x30006518                _dtoa_r
 .text          0x30007b18       0xd0 /opt/CodeSourcery/Sourcery_G++_Lite/arm-none-eabi/lib/libc.a(lib_a-locale.o)
                0x30007b18                _setlocale_r
                0x30007b84                __locale_charset
                0x30007b90                __locale_mb_cur_max
                0x30007ba0                __locale_msgcharset
                0x30007bac                __locale_cjk_lang
                0x30007bb4                _localeconv_r
                0x30007bc0                setlocale
                0x30007bdc                localeconv
 .text          0x30007be8      0x70c /opt/CodeSourcery/Sourcery_G++_Lite/arm-none-eabi/lib/libc.a(lib_a-mallocr.o)
                0x30007be8                _malloc_r
 .text          0x300082f4      0x104 /opt/CodeSourcery/Sourcery_G++_Lite/arm-none-eabi/lib/libc.a(lib_a-memchr.o)
                0x300082f4                memchr
 .text          0x300083f8      0x1c0 /opt/CodeSourcery/Sourcery_G++_Lite/arm-none-eabi/lib/libc.a(lib_a-memcpy.o)
                0x300083f8                memcpy
 .text          0x300085b8        0x8 /opt/CodeSourcery/Sourcery_G++_Lite/arm-none-eabi/lib/libc.a(lib_a-mlock.o)
                0x300085b8                __malloc_lock
                0x300085bc                __malloc_unlock
 .text          0x300085c0      0xcfc /opt/CodeSourcery/Sourcery_G++_Lite/arm-none-eabi/lib/libc.a(lib_a-mprec.o)
                0x300085c0                _Balloc
                0x30008648                _Bfree
                0x30008664                __multadd
                0x30008740                __s2b
                0x3000882c                __hi0bits
                0x3000887c                __lo0bits
                0x3000890c                __i2b
                0x30008930                __multiply
                0x30008b18                __pow5mult
                0x30008c0c                __lshift
                0x30008d10                __mcmp
                0x30008d70                __mdiff
                0x30008ec8                __ulp
                0x30008f28                __b2d
                0x30008fec                __d2b
                0x300090f4                __ratio
                0x3000916c                _mprec_log10
                0x300091c0                __copybits
                0x30009234                __any_on
 .text          0x300092bc       0x8c /opt/CodeSourcery/Sourcery_G++_Lite/arm-none-eabi/lib/libc.a(lib_a-s_fpclassify.o)
                0x300092bc                __fpclassifyd
 .text          0x30009348       0x40 /opt/CodeSourcery/Sourcery_G++_Lite/arm-none-eabi/lib/libc.a(lib_a-sbrkr.o)
                0x30009348                _sbrk_r
 .text          0x30009388      0x230 /opt/CodeSourcery/Sourcery_G++_Lite/arm-none-eabi/lib/libc.a(lib_a-strcmp.o)
                0x30009388                strcmp
 .text          0x300095b8       0x60 /opt/CodeSourcery/Sourcery_G++_Lite/arm-none-eabi/lib/libc.a(lib_a-strlen.o)
                0x300095b8                strlen
 .text          0x30009618     0x1238 /opt/CodeSourcery/Sourcery_G++_Lite/arm-none-eabi/lib/libc.a(lib_a-svfiprintf.o)
                0x30009618                __ssprint_r
                0x300097b4                _svfiprintf_r
 .text          0x3000a850       0x9c /opt/CodeSourcery/Sourcery_G++_Lite/arm-none-eabi/lib/libc.a(lib_a-callocr.o)
                0x3000a850                _calloc_r
 .text          0x3000a8ec      0x360 /opt/CodeSourcery/Sourcery_G++_Lite/arm-none-eabi/lib/libc.a(lib_a-freer.o)
                0x3000a8ec                _malloc_trim_r
                0x3000a9e8                _free_r
 .text          0x3000ac4c      0x128 /opt/CodeSourcery/Sourcery_G++_Lite/arm-none-eabi/lib/libc.a(lib_a-memmove.o)
                0x3000ac4c                memmove
 .text          0x3000ad74      0x100 /opt/CodeSourcery/Sourcery_G++_Lite/arm-none-eabi/lib/libc.a(lib_a-memset.o)
                0x3000ad74                memset
 .text          0x3000ae74      0x5c0 /opt/CodeSourcery/Sourcery_G++_Lite/arm-none-eabi/lib/libc.a(lib_a-reallocr.o)
                0x3000ae74                _realloc_r
 .text          0x3000b434      0x1ac /opt/CodeSourcery/Sourcery_G++_Lite/arm-none-eabi/lib/libc.a(lib_a-reent.o)
                0x3000b434                cleanup_glue
                0x3000b460                _reclaim_reent
                0x3000b568                _wrapup_reent
 .text          0x3000b5e0      0x114 /opt/CodeSourcery/Sourcery_G++_Lite/lib/gcc/arm-none-eabi/4.5.2/libgcc.a(_udivsi3.o)
                0x3000b5e0                __udivsi3
                0x3000b5e0                __aeabi_uidiv
                0x3000b6d4                __aeabi_uidivmod
 .text          0x3000b6f4      0x148 /opt/CodeSourcery/Sourcery_G++_Lite/lib/gcc/arm-none-eabi/4.5.2/libgcc.a(_divsi3.o)
                0x3000b6f4                __aeabi_idiv
                0x3000b6f4                __divsi3
                0x3000b81c                __aeabi_idivmod
 .text          0x3000b83c        0x4 /opt/CodeSourcery/Sourcery_G++_Lite/lib/gcc/arm-none-eabi/4.5.2/libgcc.a(_dvmd_tls.o)
                0x3000b83c                __aeabi_ldiv0
                0x3000b83c                __aeabi_idiv0
 .text          0x3000b840      0x41c /opt/CodeSourcery/Sourcery_G++_Lite/lib/gcc/arm-none-eabi/4.5.2/libgcc.a(_arm_addsubdf3.o)
                0x3000b840                __aeabi_drsub
                0x3000b848                __aeabi_dsub
                0x3000b848                __subdf3
                0x3000b84c                __adddf3
                0x3000b84c                __aeabi_dadd
                0x3000bb5c                __aeabi_ui2d
                0x3000bb5c                __floatunsidf
                0x3000bb80                __floatsidf
                0x3000bb80                __aeabi_i2d
                0x3000bba8                __extendsfdf2
                0x3000bba8                __aeabi_f2d
                0x3000bbe8                __aeabi_ul2d
                0x3000bbe8                __floatundidf
                0x3000bbfc                __floatdidf
                0x3000bbfc                __aeabi_l2d
 .text          0x3000bc5c      0x49c /opt/CodeSourcery/Sourcery_G++_Lite/lib/gcc/arm-none-eabi/4.5.2/libgcc.a(_arm_muldivdf3.o)
                0x3000bc5c                __aeabi_dmul
                0x3000bc5c                __muldf3
                0x3000beec                __aeabi_ddiv
                0x3000beec                __divdf3
 .text          0x3000c0f8      0x144 /opt/CodeSourcery/Sourcery_G++_Lite/lib/gcc/arm-none-eabi/4.5.2/libgcc.a(_arm_cmpdf2.o)
                0x3000c0f8                __gtdf2
                0x3000c0f8                __gedf2
                0x3000c100                __ltdf2
                0x3000c100                __ledf2
                0x3000c108                __cmpdf2
                0x3000c108                __eqdf2
                0x3000c108                __nedf2
                0x3000c190                __aeabi_cdrcmple
                0x3000c1ac                __aeabi_cdcmple
                0x3000c1ac                __aeabi_cdcmpeq
                0x3000c1c4                __aeabi_dcmpeq
                0x3000c1dc                __aeabi_dcmplt
                0x3000c1f4                __aeabi_dcmple
                0x3000c20c                __aeabi_dcmpge
                0x3000c224                __aeabi_dcmpgt
 .text          0x3000c23c       0x5c /opt/CodeSourcery/Sourcery_G++_Lite/lib/gcc/arm-none-eabi/4.5.2/libgcc.a(_arm_fixdfsi.o)
                0x3000c23c                __fixdfsi
                0x3000c23c                __aeabi_d2iz
 .text          0x3000c298       0x54 /opt/CodeSourcery/Sourcery_G++_Lite/lib/gcc/arm-none-eabi/4.5.2/libgcc.a(_arm_fixunsdfsi.o)
                0x3000c298                __fixunsdfsi
                0x3000c298                __aeabi_d2uiz
 .text          0x3000c2ec       0xa0 /opt/CodeSourcery/Sourcery_G++_Lite/lib/gcc/arm-none-eabi/4.5.2/libgcc.a(_arm_truncdfsf2.o)
                0x3000c2ec                __aeabi_d2f
                0x3000c2ec                __truncdfsf2
 .text          0x3000c38c      0x2ac /opt/CodeSourcery/Sourcery_G++_Lite/lib/gcc/arm-none-eabi/4.5.2/libgcc.a(_arm_addsubsf3.o)
                0x3000c38c                __aeabi_frsub
                0x3000c394                __subsf3
                0x3000c394                __aeabi_fsub
                0x3000c398                __aeabi_fadd
                0x3000c398                __addsf3
                0x3000c554                __aeabi_ui2f
                0x3000c554                __floatunsisf
                0x3000c55c                __aeabi_i2f
                0x3000c55c                __floatsisf
                0x3000c57c                __floatundisf
                0x3000c57c                __aeabi_ul2f
                0x3000c58c                __floatdisf
                0x3000c58c                __aeabi_l2f
 .text          0x3000c638      0x2f8 /opt/CodeSourcery/Sourcery_G++_Lite/lib/gcc/arm-none-eabi/4.5.2/libgcc.a(_arm_muldivsf3.o)
                0x3000c638                __mulsf3
                0x3000c638                __aeabi_fmul
                0x3000c7d0                __divsf3
                0x3000c7d0                __aeabi_fdiv
 .text          0x3000c930      0x114 /opt/CodeSourcery/Sourcery_G++_Lite/lib/gcc/arm-none-eabi/4.5.2/libgcc.a(_arm_cmpsf2.o)
                0x3000c930                __gtsf2
                0x3000c930                __gesf2
                0x3000c938                __lesf2
                0x3000c938                __ltsf2
                0x3000c940                __nesf2
                0x3000c940                __eqsf2
                0x3000c940                __cmpsf2
                0x3000c9a4                __aeabi_cfrcmple
                0x3000c9b4                __aeabi_cfcmple
                0x3000c9b4                __aeabi_cfcmpeq
                0x3000c9cc                __aeabi_fcmpeq
                0x3000c9e4                __aeabi_fcmplt
                0x3000c9fc                __aeabi_fcmple
                0x3000ca14                __aeabi_fcmpge
                0x3000ca2c                __aeabi_fcmpgt
 .text          0x3000ca44       0x5c /opt/CodeSourcery/Sourcery_G++_Lite/lib/gcc/arm-none-eabi/4.5.2/libgcc.a(_arm_fixsfsi.o)
                0x3000ca44                __fixsfsi
                0x3000ca44                __aeabi_f2iz
 .text          0x3000caa0       0x3c /opt/CodeSourcery/Sourcery_G++_Lite/lib/gcc/arm-none-eabi/4.5.2/libgcc.a(_aeabi_uldivmod.o)
                0x3000caa0                __aeabi_uldivmod
 .text          0x3000cadc       0x80 /opt/CodeSourcery/Sourcery_G++_Lite/lib/gcc/arm-none-eabi/4.5.2/libgcc.a(bpabi.o)
                0x3000cadc                __gnu_ldivmod_helper
                0x3000cb1c                __gnu_uldivmod_helper
 .text          0x3000cb5c      0x4a8 /opt/CodeSourcery/Sourcery_G++_Lite/lib/gcc/arm-none-eabi/4.5.2/libgcc.a(_divdi3.o)
                0x3000cb5c                __divdi3
 .text          0x3000d004      0x434 /opt/CodeSourcery/Sourcery_G++_Lite/lib/gcc/arm-none-eabi/4.5.2/libgcc.a(_udivdi3.o)
                0x3000d004                __udivdi3
 .text          0x3000d438       0x48 /opt/CodeSourcery/Sourcery_G++_Lite/lib/gcc/arm-none-eabi/4.5.2/libgcc.a(_clzsi2.o)
                0x3000d438                __clzsi2
                0x3000d480                . = ALIGN (0x4)

.glue_7         0x3000d480        0x0
 .glue_7        0x00000000        0x0 linker stubs

.glue_7t        0x3000d480        0x0
 .glue_7t       0x00000000        0x0 linker stubs

.vfp11_veneer   0x3000d480        0x0
 .vfp11_veneer  0x00000000        0x0 linker stubs

.v4_bx          0x3000d480        0x0
 .v4_bx         0x00000000        0x0 linker stubs

.rodata         0x3000d480    0x18624
                0x3000d480                rodata_start_addr = .
 *(.rodata)
 .rodata        0x3000d480    0x18360 Lcd.o
                0x3000d480                num0
                0x3000dbc0                num1
                0x3000e300                num2
                0x3000ea40                num3
                0x3000f180                num4
                0x3000f8c0                num5
                0x30010000                num6
                0x30010740                num7
                0x30010e80                num8
                0x300115c0                num9
                0x30011d00                num_dots
                0x30011ea0                num_dot
                0x30011f50                frame
                0x300246d8                celsius
                0x30024f44                farenheit
 .rodata        0x300257e0       0x30 Main.o
 .rodata        0x30025810        0xc Uart.o
 .rodata        0x3002581c       0x84 exception.o
 .rodata        0x300258a0       0x34 Touch.o
 .rodata        0x300258d4        0x4 /opt/CodeSourcery/Sourcery_G++_Lite/arm-none-eabi/lib/libc.a(lib_a-impure.o)
                0x300258d4                _global_impure_ptr
 .rodata        0x300258d8       0x20 /opt/CodeSourcery/Sourcery_G++_Lite/arm-none-eabi/lib/libc.a(lib_a-svfprintf.o)
 .rodata        0x300258f8      0x128 /opt/CodeSourcery/Sourcery_G++_Lite/arm-none-eabi/lib/libc.a(lib_a-mprec.o)
                0x30025908                __mprec_tens
                0x300259d0                __mprec_bigtens
                0x300259f8                __mprec_tinytens
 .rodata        0x30025a20       0x20 /opt/CodeSourcery/Sourcery_G++_Lite/arm-none-eabi/lib/libc.a(lib_a-svfiprintf.o)
 *(.rodata.*)
 .rodata.str1.4
                0x30025a40        0x2 /opt/CodeSourcery/Sourcery_G++_Lite/arm-none-eabi/lib/libc.a(lib_a-impure.o)
                                  0x4 (size before relaxing)
 *fill*         0x30025a42        0x2 00
 .rodata.str1.4
                0x30025a44       0x42 /opt/CodeSourcery/Sourcery_G++_Lite/arm-none-eabi/lib/libc.a(lib_a-svfprintf.o)
                                 0x44 (size before relaxing)
 *fill*         0x30025a86        0x2 00
 .rodata.str1.4
                0x30025a88       0x10 /opt/CodeSourcery/Sourcery_G++_Lite/arm-none-eabi/lib/libc.a(lib_a-dtoa.o)
                                 0x14 (size before relaxing)
 .rodata.str1.4
                0x30025a98        0xc /opt/CodeSourcery/Sourcery_G++_Lite/arm-none-eabi/lib/libc.a(lib_a-locale.o)
                                 0x14 (size before relaxing)
 .rodata.str1.4
                0x00000000       0x30 /opt/CodeSourcery/Sourcery_G++_Lite/arm-none-eabi/lib/libc.a(lib_a-svfiprintf.o)
                0x30025aa4                . = ALIGN (0x4)
                0x30025aa4                rodata_end_addr = .

.ARM.extab      0x30025aa4        0x0
 .ARM.extab     0x30025aa4        0x0 /opt/CodeSourcery/Sourcery_G++_Lite/lib/gcc/arm-none-eabi/4.5.2/libgcc.a(_divdi3.o)
 .ARM.extab     0x30025aa4        0x0 /opt/CodeSourcery/Sourcery_G++_Lite/lib/gcc/arm-none-eabi/4.5.2/libgcc.a(_udivdi3.o)

.ARM.exidx      0x30025aa4        0x8
 .ARM.exidx     0x30025aa4        0x8 /opt/CodeSourcery/Sourcery_G++_Lite/lib/gcc/arm-none-eabi/4.5.2/libgcc.a(_divdi3.o)
 .ARM.exidx     0x30025aac        0x0 /opt/CodeSourcery/Sourcery_G++_Lite/lib/gcc/arm-none-eabi/4.5.2/libgcc.a(_udivdi3.o)
                                  0x8 (size before relaxing)

.data           0x30025ab0      0x8f8
                0x30025ab0                data_start_addr = .
                0x30025ab0                __DATA_START__ = .
 *(.data)
 .data          0x30025ab0        0x0 s3c2450_startup.o
 .data          0x30025ab0       0x28 Lcd.o
                0x30025ab0                num_hex
 .data          0x30025ad8        0x0 Main.o
 .data          0x30025ad8        0x0 Uart.o
 .data          0x30025ad8        0x0 exception.o
 .data          0x30025ad8       0x10 Touch.o
                0x30025ad8                Cal_x1
                0x30025adc                Cal_y1
                0x30025ae0                Cal_x2
                0x30025ae4                Cal_y2
 .data          0x30025ae8        0x0 Time.o
 .data          0x30025ae8        0x0 Timer.o
 .data          0x30025ae8        0x0 /opt/CodeSourcery/Sourcery_G++_Lite/arm-none-eabi/lib/libc.a(lib_a-vsprintf.o)
 .data          0x30025ae8      0x430 /opt/CodeSourcery/Sourcery_G++_Lite/arm-none-eabi/lib/libc.a(lib_a-impure.o)
                0x30025ae8                _impure_ptr
 .data          0x30025f18        0x0 /opt/CodeSourcery/Sourcery_G++_Lite/arm-none-eabi/lib/libc.a(lib_a-svfprintf.o)
 .data          0x30025f18        0x0 /opt/CodeSourcery/Sourcery_G++_Lite/arm-none-eabi/lib/libc.a(lib_a-dtoa.o)
 .data          0x30025f18       0x7c /opt/CodeSourcery/Sourcery_G++_Lite/arm-none-eabi/lib/libc.a(lib_a-locale.o)
                0x30025f38                __mb_cur_max
 .data          0x30025f94      0x410 /opt/CodeSourcery/Sourcery_G++_Lite/arm-none-eabi/lib/libc.a(lib_a-mallocr.o)
                0x30025f94                __malloc_av_
                0x3002639c                __malloc_sbrk_base
                0x300263a0                __malloc_trim_threshold
 .data          0x300263a4        0x0 /opt/CodeSourcery/Sourcery_G++_Lite/arm-none-eabi/lib/libc.a(lib_a-memchr.o)
 .data          0x300263a4        0x0 /opt/CodeSourcery/Sourcery_G++_Lite/arm-none-eabi/lib/libc.a(lib_a-memcpy.o)
 .data          0x300263a4        0x0 /opt/CodeSourcery/Sourcery_G++_Lite/arm-none-eabi/lib/libc.a(lib_a-mlock.o)
 .data          0x300263a4        0x0 /opt/CodeSourcery/Sourcery_G++_Lite/arm-none-eabi/lib/libc.a(lib_a-mprec.o)
 .data          0x300263a4        0x0 /opt/CodeSourcery/Sourcery_G++_Lite/arm-none-eabi/lib/libc.a(lib_a-s_fpclassify.o)
 .data          0x300263a4        0x0 /opt/CodeSourcery/Sourcery_G++_Lite/arm-none-eabi/lib/libc.a(lib_a-sbrkr.o)
 .data          0x300263a4        0x0 /opt/CodeSourcery/Sourcery_G++_Lite/arm-none-eabi/lib/libc.a(lib_a-strcmp.o)
 .data          0x300263a4        0x0 /opt/CodeSourcery/Sourcery_G++_Lite/arm-none-eabi/lib/libc.a(lib_a-strlen.o)
 .data          0x300263a4        0x0 /opt/CodeSourcery/Sourcery_G++_Lite/arm-none-eabi/lib/libc.a(lib_a-svfiprintf.o)
 .data          0x300263a4        0x0 /opt/CodeSourcery/Sourcery_G++_Lite/arm-none-eabi/lib/libc.a(lib_a-callocr.o)
 .data          0x300263a4        0x0 /opt/CodeSourcery/Sourcery_G++_Lite/arm-none-eabi/lib/libc.a(lib_a-freer.o)
 .data          0x300263a4        0x0 /opt/CodeSourcery/Sourcery_G++_Lite/arm-none-eabi/lib/libc.a(lib_a-memmove.o)
 .data          0x300263a4        0x0 /opt/CodeSourcery/Sourcery_G++_Lite/arm-none-eabi/lib/libc.a(lib_a-memset.o)
 .data          0x300263a4        0x0 /opt/CodeSourcery/Sourcery_G++_Lite/arm-none-eabi/lib/libc.a(lib_a-reallocr.o)
 .data          0x300263a4        0x0 /opt/CodeSourcery/Sourcery_G++_Lite/arm-none-eabi/lib/libc.a(lib_a-reent.o)
 .data          0x300263a4        0x0 /opt/CodeSourcery/Sourcery_G++_Lite/lib/gcc/arm-none-eabi/4.5.2/libgcc.a(_udivsi3.o)
 .data          0x300263a4        0x0 /opt/CodeSourcery/Sourcery_G++_Lite/lib/gcc/arm-none-eabi/4.5.2/libgcc.a(_divsi3.o)
 .data          0x300263a4        0x0 /opt/CodeSourcery/Sourcery_G++_Lite/lib/gcc/arm-none-eabi/4.5.2/libgcc.a(_dvmd_tls.o)
 .data          0x300263a4        0x0 /opt/CodeSourcery/Sourcery_G++_Lite/lib/gcc/arm-none-eabi/4.5.2/libgcc.a(_arm_addsubdf3.o)
 .data          0x300263a4        0x0 /opt/CodeSourcery/Sourcery_G++_Lite/lib/gcc/arm-none-eabi/4.5.2/libgcc.a(_arm_muldivdf3.o)
 .data          0x300263a4        0x0 /opt/CodeSourcery/Sourcery_G++_Lite/lib/gcc/arm-none-eabi/4.5.2/libgcc.a(_arm_cmpdf2.o)
 .data          0x300263a4        0x0 /opt/CodeSourcery/Sourcery_G++_Lite/lib/gcc/arm-none-eabi/4.5.2/libgcc.a(_arm_fixdfsi.o)
 .data          0x300263a4        0x0 /opt/CodeSourcery/Sourcery_G++_Lite/lib/gcc/arm-none-eabi/4.5.2/libgcc.a(_arm_fixunsdfsi.o)
 .data          0x300263a4        0x0 /opt/CodeSourcery/Sourcery_G++_Lite/lib/gcc/arm-none-eabi/4.5.2/libgcc.a(_arm_truncdfsf2.o)
 .data          0x300263a4        0x0 /opt/CodeSourcery/Sourcery_G++_Lite/lib/gcc/arm-none-eabi/4.5.2/libgcc.a(_arm_addsubsf3.o)
 .data          0x300263a4        0x0 /opt/CodeSourcery/Sourcery_G++_Lite/lib/gcc/arm-none-eabi/4.5.2/libgcc.a(_arm_muldivsf3.o)
 .data          0x300263a4        0x0 /opt/CodeSourcery/Sourcery_G++_Lite/lib/gcc/arm-none-eabi/4.5.2/libgcc.a(_arm_cmpsf2.o)
 .data          0x300263a4        0x0 /opt/CodeSourcery/Sourcery_G++_Lite/lib/gcc/arm-none-eabi/4.5.2/libgcc.a(_arm_fixsfsi.o)
 .data          0x300263a4        0x0 /opt/CodeSourcery/Sourcery_G++_Lite/lib/gcc/arm-none-eabi/4.5.2/libgcc.a(_aeabi_uldivmod.o)
 .data          0x300263a4        0x0 /opt/CodeSourcery/Sourcery_G++_Lite/lib/gcc/arm-none-eabi/4.5.2/libgcc.a(bpabi.o)
 .data          0x300263a4        0x0 /opt/CodeSourcery/Sourcery_G++_Lite/lib/gcc/arm-none-eabi/4.5.2/libgcc.a(_divdi3.o)
 .data          0x300263a4        0x0 /opt/CodeSourcery/Sourcery_G++_Lite/lib/gcc/arm-none-eabi/4.5.2/libgcc.a(_udivdi3.o)
 .data          0x300263a4        0x0 /opt/CodeSourcery/Sourcery_G++_Lite/lib/gcc/arm-none-eabi/4.5.2/libgcc.a(_clzsi2.o)
 *(.data.*)
                0x300263a8                . = ALIGN (0x8)
 *fill*         0x300263a4        0x4 00
                0x300263a8                data_end_addr = .
                0x300263a8                __DATA_END__ = .

.bss            0x300263a8    0x1f520
                0x300263a8                bss_start_addr = .
                0x300263a8                __BSS_START__ = .
 *(.bss)
 .bss           0x300263a8        0x0 s3c2450_startup.o
 .bss           0x300263a8    0x1f4a8 Lcd.o
                0x300263c0                num_buffer
                0x3002b820                dot_buffer
                0x3002b8b0                celsius_buffer
                0x3002c3a0                farenheit_buffer
                0x3002ce90                frame_buffer
 .bss           0x30045850       0x18 Main.o
                0x30045850                data_uart
                0x30045860                time_color
                0x30045864                bg_color
 .bss           0x30045868        0x0 Uart.o
 .bss           0x30045868        0x0 exception.o
 .bss           0x30045868       0x18 Touch.o
                0x30045868                ADC_x
                0x3004586c                ADC_y
                0x30045870                Touch_Pressed
                0x30045874                setting_hour
                0x30045878                setting_min
                0x3004587c                setting_on
 .bss           0x30045880        0x4 Time.o
                0x30045880                CUR_SEC
 .bss           0x30045884        0x0 Timer.o
 .bss           0x30045884        0x0 /opt/CodeSourcery/Sourcery_G++_Lite/arm-none-eabi/lib/libc.a(lib_a-vsprintf.o)
 .bss           0x30045884        0x0 /opt/CodeSourcery/Sourcery_G++_Lite/arm-none-eabi/lib/libc.a(lib_a-impure.o)
 .bss           0x30045884        0x0 /opt/CodeSourcery/Sourcery_G++_Lite/arm-none-eabi/lib/libc.a(lib_a-svfprintf.o)
 .bss           0x30045884        0x0 /opt/CodeSourcery/Sourcery_G++_Lite/arm-none-eabi/lib/libc.a(lib_a-dtoa.o)
 .bss           0x30045884        0xc /opt/CodeSourcery/Sourcery_G++_Lite/arm-none-eabi/lib/libc.a(lib_a-locale.o)
                0x30045884                __nlocale_changed
                0x30045888                __mlocale_changed
                0x3004588c                _PathLocale
 .bss           0x30045890       0x34 /opt/CodeSourcery/Sourcery_G++_Lite/arm-none-eabi/lib/libc.a(lib_a-mallocr.o)
                0x30045890                __malloc_top_pad
                0x30045894                __malloc_current_mallinfo
                0x300458bc                __malloc_max_sbrked_mem
                0x300458c0                __malloc_max_total_mem
 .bss           0x300458c4        0x0 /opt/CodeSourcery/Sourcery_G++_Lite/arm-none-eabi/lib/libc.a(lib_a-memchr.o)
 .bss           0x300458c4        0x0 /opt/CodeSourcery/Sourcery_G++_Lite/arm-none-eabi/lib/libc.a(lib_a-memcpy.o)
 .bss           0x300458c4        0x0 /opt/CodeSourcery/Sourcery_G++_Lite/arm-none-eabi/lib/libc.a(lib_a-mlock.o)
 .bss           0x300458c4        0x0 /opt/CodeSourcery/Sourcery_G++_Lite/arm-none-eabi/lib/libc.a(lib_a-mprec.o)
 .bss           0x300458c4        0x0 /opt/CodeSourcery/Sourcery_G++_Lite/arm-none-eabi/lib/libc.a(lib_a-s_fpclassify.o)
 .bss           0x300458c4        0x0 /opt/CodeSourcery/Sourcery_G++_Lite/arm-none-eabi/lib/libc.a(lib_a-sbrkr.o)
 .bss           0x300458c4        0x0 /opt/CodeSourcery/Sourcery_G++_Lite/arm-none-eabi/lib/libc.a(lib_a-strcmp.o)
 .bss           0x300458c4        0x0 /opt/CodeSourcery/Sourcery_G++_Lite/arm-none-eabi/lib/libc.a(lib_a-strlen.o)
 .bss           0x300458c4        0x0 /opt/CodeSourcery/Sourcery_G++_Lite/arm-none-eabi/lib/libc.a(lib_a-svfiprintf.o)
 .bss           0x300458c4        0x0 /opt/CodeSourcery/Sourcery_G++_Lite/arm-none-eabi/lib/libc.a(lib_a-callocr.o)
 .bss           0x300458c4        0x0 /opt/CodeSourcery/Sourcery_G++_Lite/arm-none-eabi/lib/libc.a(lib_a-freer.o)
 .bss           0x300458c4        0x0 /opt/CodeSourcery/Sourcery_G++_Lite/arm-none-eabi/lib/libc.a(lib_a-memmove.o)
 .bss           0x300458c4        0x0 /opt/CodeSourcery/Sourcery_G++_Lite/arm-none-eabi/lib/libc.a(lib_a-memset.o)
 .bss           0x300458c4        0x0 /opt/CodeSourcery/Sourcery_G++_Lite/arm-none-eabi/lib/libc.a(lib_a-reallocr.o)
 .bss           0x300458c4        0x0 /opt/CodeSourcery/Sourcery_G++_Lite/arm-none-eabi/lib/libc.a(lib_a-reent.o)
 .bss           0x300458c4        0x0 /opt/CodeSourcery/Sourcery_G++_Lite/lib/gcc/arm-none-eabi/4.5.2/libgcc.a(_udivsi3.o)
 .bss           0x300458c4        0x0 /opt/CodeSourcery/Sourcery_G++_Lite/lib/gcc/arm-none-eabi/4.5.2/libgcc.a(_divsi3.o)
 .bss           0x300458c4        0x0 /opt/CodeSourcery/Sourcery_G++_Lite/lib/gcc/arm-none-eabi/4.5.2/libgcc.a(_dvmd_tls.o)
 .bss           0x300458c4        0x0 /opt/CodeSourcery/Sourcery_G++_Lite/lib/gcc/arm-none-eabi/4.5.2/libgcc.a(_arm_addsubdf3.o)
 .bss           0x300458c4        0x0 /opt/CodeSourcery/Sourcery_G++_Lite/lib/gcc/arm-none-eabi/4.5.2/libgcc.a(_arm_muldivdf3.o)
 .bss           0x300458c4        0x0 /opt/CodeSourcery/Sourcery_G++_Lite/lib/gcc/arm-none-eabi/4.5.2/libgcc.a(_arm_cmpdf2.o)
 .bss           0x300458c4        0x0 /opt/CodeSourcery/Sourcery_G++_Lite/lib/gcc/arm-none-eabi/4.5.2/libgcc.a(_arm_fixdfsi.o)
 .bss           0x300458c4        0x0 /opt/CodeSourcery/Sourcery_G++_Lite/lib/gcc/arm-none-eabi/4.5.2/libgcc.a(_arm_fixunsdfsi.o)
 .bss           0x300458c4        0x0 /opt/CodeSourcery/Sourcery_G++_Lite/lib/gcc/arm-none-eabi/4.5.2/libgcc.a(_arm_truncdfsf2.o)
 .bss           0x300458c4        0x0 /opt/CodeSourcery/Sourcery_G++_Lite/lib/gcc/arm-none-eabi/4.5.2/libgcc.a(_arm_addsubsf3.o)
 .bss           0x300458c4        0x0 /opt/CodeSourcery/Sourcery_G++_Lite/lib/gcc/arm-none-eabi/4.5.2/libgcc.a(_arm_muldivsf3.o)
 .bss           0x300458c4        0x0 /opt/CodeSourcery/Sourcery_G++_Lite/lib/gcc/arm-none-eabi/4.5.2/libgcc.a(_arm_cmpsf2.o)
 .bss           0x300458c4        0x0 /opt/CodeSourcery/Sourcery_G++_Lite/lib/gcc/arm-none-eabi/4.5.2/libgcc.a(_arm_fixsfsi.o)
 .bss           0x300458c4        0x0 /opt/CodeSourcery/Sourcery_G++_Lite/lib/gcc/arm-none-eabi/4.5.2/libgcc.a(_aeabi_uldivmod.o)
 .bss           0x300458c4        0x0 /opt/CodeSourcery/Sourcery_G++_Lite/lib/gcc/arm-none-eabi/4.5.2/libgcc.a(bpabi.o)
 .bss           0x300458c4        0x0 /opt/CodeSourcery/Sourcery_G++_Lite/lib/gcc/arm-none-eabi/4.5.2/libgcc.a(_divdi3.o)
 .bss           0x300458c4        0x0 /opt/CodeSourcery/Sourcery_G++_Lite/lib/gcc/arm-none-eabi/4.5.2/libgcc.a(_udivdi3.o)
 .bss           0x300458c4        0x0 /opt/CodeSourcery/Sourcery_G++_Lite/lib/gcc/arm-none-eabi/4.5.2/libgcc.a(_clzsi2.o)
 *(.bss.*)
 *(COMMON)
 COMMON         0x300458c4        0x4 /opt/CodeSourcery/Sourcery_G++_Lite/arm-none-eabi/lib/libc.a(lib_a-reent.o)
                0x300458c4                errno
                0x300458c8                . = ALIGN (0x8)
                0x300458c8                bss_end_addr = .
                0x300458c8                __BSS_END__ = .
                0x300458c8                end = .
                0x300458c8                PROVIDE (end, .)

.int_vec        0x33ffff00       0xc0
 s3c2450_startup.o(int_vect)
 int_vect       0x33ffff00       0xc0 s3c2450_startup.o
                0x33ffff00                HandleReset
                0x33ffff04                HandleUndef
                0x33ffff08                HandleSWI
                0x33ffff0c                HandlePabort
                0x33ffff10                HandleDabort
                0x33ffff14                HandleReserved
                0x33ffff18                HandleIRQ
                0x33ffff1c                HandleFIQ
                0x33ffff20                HandleEINT0
                0x33ffff24                HandleEINT1
                0x33ffff28                HandleEINT2
                0x33ffff2c                HandleEINT3
                0x33ffff30                HandleEINT4_7
                0x33ffff34                HandleEINT8_23
                0x33ffff38                HandleCAM
                0x33ffff3c                HandleBATFLT
                0x33ffff40                HandleTICK
                0x33ffff44                HandleWDT
                0x33ffff48                HandleTIMER0
                0x33ffff4c                HandleTIMER1
                0x33ffff50                HandleTIMER2
                0x33ffff54                HandleTIMER3
                0x33ffff58                HandleTIMER4
                0x33ffff5c                HandleUART2
                0x33ffff60                HandleLCD
                0x33ffff64                HandleDMA
                0x33ffff68                HandleUART3
                0x33ffff6c                HandleCFCON
                0x33ffff70                HandleSDI1
                0x33ffff74                HandleSDI0
                0x33ffff78                HandleSPI0
                0x33ffff7c                HandleUART1
                0x33ffff80                HandleNFCON
                0x33ffff84                HandleUSBD
                0x33ffff88                HandleUSBH
                0x33ffff8c                HandleIIC
                0x33ffff90                HandleUART0
                0x33ffff94                HandleSPI1
                0x33ffff98                HandleRTC
                0x33ffff9c                HandleADC
                0x33ffffa0                Handle2D
                0x33ffffa4                HandleIIC1
                0x33ffffa8                HandleRSV1
                0x33ffffac                HandleRSV2
                0x33ffffb0                HandlePCM0
                0x33ffffb4                HandlePCM1
                0x33ffffb8                HandleI2S0
                0x33ffffbc                HandleI2S1
LOAD Lcd.o
LOAD Main.o
LOAD Uart.o
LOAD exception.o
LOAD Touch.o
LOAD Time.o
LOAD Timer.o
LOAD s3c2450_startup.o
LOAD /opt/CodeSourcery/Sourcery_G++_Lite/arm-none-eabi/lib/libc.a
LOAD /opt/CodeSourcery/Sourcery_G++_Lite/lib/gcc/arm-none-eabi/4.5.2/libgcc.a
LOAD /opt/CodeSourcery/Sourcery_G++_Lite/lib/gcc/arm-none-eabi/4.5.2/libgcc.a
OUTPUT(MDS2450 elf32-littlearm)

.ARM.attributes
                0x00000000       0x28
 .ARM.attributes
                0x00000000       0x1c s3c2450_startup.o
 .ARM.attributes
                0x0000001c       0x2c Lcd.o
 .ARM.attributes
                0x00000048       0x2c Main.o
 .ARM.attributes
                0x00000074       0x2c Uart.o
 .ARM.attributes
                0x000000a0       0x2c exception.o
 .ARM.attributes
                0x000000cc       0x2c Touch.o
 .ARM.attributes
                0x000000f8       0x2c Time.o
 .ARM.attributes
                0x00000124       0x2c Timer.o
 .ARM.attributes
                0x00000150       0x34 /opt/CodeSourcery/Sourcery_G++_Lite/arm-none-eabi/lib/libc.a(lib_a-vsprintf.o)
 .ARM.attributes
                0x00000184       0x34 /opt/CodeSourcery/Sourcery_G++_Lite/arm-none-eabi/lib/libc.a(lib_a-impure.o)
 .ARM.attributes
                0x000001b8       0x34 /opt/CodeSourcery/Sourcery_G++_Lite/arm-none-eabi/lib/libc.a(lib_a-svfprintf.o)
 .ARM.attributes
                0x000001ec       0x34 /opt/CodeSourcery/Sourcery_G++_Lite/arm-none-eabi/lib/libc.a(lib_a-dtoa.o)
 .ARM.attributes
                0x00000220       0x34 /opt/CodeSourcery/Sourcery_G++_Lite/arm-none-eabi/lib/libc.a(lib_a-locale.o)
 .ARM.attributes
                0x00000254       0x34 /opt/CodeSourcery/Sourcery_G++_Lite/arm-none-eabi/lib/libc.a(lib_a-mallocr.o)
 .ARM.attributes
                0x00000288       0x34 /opt/CodeSourcery/Sourcery_G++_Lite/arm-none-eabi/lib/libc.a(lib_a-memchr.o)
 .ARM.attributes
                0x000002bc       0x34 /opt/CodeSourcery/Sourcery_G++_Lite/arm-none-eabi/lib/libc.a(lib_a-memcpy.o)
 .ARM.attributes
                0x000002f0       0x34 /opt/CodeSourcery/Sourcery_G++_Lite/arm-none-eabi/lib/libc.a(lib_a-mlock.o)
 .ARM.attributes
                0x00000324       0x34 /opt/CodeSourcery/Sourcery_G++_Lite/arm-none-eabi/lib/libc.a(lib_a-mprec.o)
 .ARM.attributes
                0x00000358       0x34 /opt/CodeSourcery/Sourcery_G++_Lite/arm-none-eabi/lib/libc.a(lib_a-s_fpclassify.o)
 .ARM.attributes
                0x0000038c       0x34 /opt/CodeSourcery/Sourcery_G++_Lite/arm-none-eabi/lib/libc.a(lib_a-sbrkr.o)
 .ARM.attributes
                0x000003c0       0x34 /opt/CodeSourcery/Sourcery_G++_Lite/arm-none-eabi/lib/libc.a(lib_a-strcmp.o)
 .ARM.attributes
                0x000003f4       0x34 /opt/CodeSourcery/Sourcery_G++_Lite/arm-none-eabi/lib/libc.a(lib_a-strlen.o)
 .ARM.attributes
                0x00000428       0x34 /opt/CodeSourcery/Sourcery_G++_Lite/arm-none-eabi/lib/libc.a(lib_a-svfiprintf.o)
 .ARM.attributes
                0x0000045c       0x34 /opt/CodeSourcery/Sourcery_G++_Lite/arm-none-eabi/lib/libc.a(lib_a-callocr.o)
 .ARM.attributes
                0x00000490       0x34 /opt/CodeSourcery/Sourcery_G++_Lite/arm-none-eabi/lib/libc.a(lib_a-freer.o)
 .ARM.attributes
                0x000004c4       0x34 /opt/CodeSourcery/Sourcery_G++_Lite/arm-none-eabi/lib/libc.a(lib_a-memmove.o)
 .ARM.attributes
                0x000004f8       0x34 /opt/CodeSourcery/Sourcery_G++_Lite/arm-none-eabi/lib/libc.a(lib_a-memset.o)
 .ARM.attributes
                0x0000052c       0x34 /opt/CodeSourcery/Sourcery_G++_Lite/arm-none-eabi/lib/libc.a(lib_a-reallocr.o)
 .ARM.attributes
                0x00000560       0x34 /opt/CodeSourcery/Sourcery_G++_Lite/arm-none-eabi/lib/libc.a(lib_a-reent.o)
 .ARM.attributes
                0x00000594       0x1a /opt/CodeSourcery/Sourcery_G++_Lite/lib/gcc/arm-none-eabi/4.5.2/libgcc.a(_udivsi3.o)
 .ARM.attributes
                0x000005ae       0x1a /opt/CodeSourcery/Sourcery_G++_Lite/lib/gcc/arm-none-eabi/4.5.2/libgcc.a(_divsi3.o)
 .ARM.attributes
                0x000005c8       0x18 /opt/CodeSourcery/Sourcery_G++_Lite/lib/gcc/arm-none-eabi/4.5.2/libgcc.a(_dvmd_tls.o)
 .ARM.attributes
                0x000005e0       0x1a /opt/CodeSourcery/Sourcery_G++_Lite/lib/gcc/arm-none-eabi/4.5.2/libgcc.a(_arm_addsubdf3.o)
 .ARM.attributes
                0x000005fa       0x1a /opt/CodeSourcery/Sourcery_G++_Lite/lib/gcc/arm-none-eabi/4.5.2/libgcc.a(_arm_muldivdf3.o)
 .ARM.attributes
                0x00000614       0x1a /opt/CodeSourcery/Sourcery_G++_Lite/lib/gcc/arm-none-eabi/4.5.2/libgcc.a(_arm_cmpdf2.o)
 .ARM.attributes
                0x0000062e       0x1a /opt/CodeSourcery/Sourcery_G++_Lite/lib/gcc/arm-none-eabi/4.5.2/libgcc.a(_arm_fixdfsi.o)
 .ARM.attributes
                0x00000648       0x1a /opt/CodeSourcery/Sourcery_G++_Lite/lib/gcc/arm-none-eabi/4.5.2/libgcc.a(_arm_fixunsdfsi.o)
 .ARM.attributes
                0x00000662       0x1a /opt/CodeSourcery/Sourcery_G++_Lite/lib/gcc/arm-none-eabi/4.5.2/libgcc.a(_arm_truncdfsf2.o)
 .ARM.attributes
                0x0000067c       0x1a /opt/CodeSourcery/Sourcery_G++_Lite/lib/gcc/arm-none-eabi/4.5.2/libgcc.a(_arm_addsubsf3.o)
 .ARM.attributes
                0x00000696       0x1a /opt/CodeSourcery/Sourcery_G++_Lite/lib/gcc/arm-none-eabi/4.5.2/libgcc.a(_arm_muldivsf3.o)
 .ARM.attributes
                0x000006b0       0x1a /opt/CodeSourcery/Sourcery_G++_Lite/lib/gcc/arm-none-eabi/4.5.2/libgcc.a(_arm_cmpsf2.o)
 .ARM.attributes
                0x000006ca       0x1a /opt/CodeSourcery/Sourcery_G++_Lite/lib/gcc/arm-none-eabi/4.5.2/libgcc.a(_arm_fixsfsi.o)
 .ARM.attributes
                0x000006e4       0x1a /opt/CodeSourcery/Sourcery_G++_Lite/lib/gcc/arm-none-eabi/4.5.2/libgcc.a(_aeabi_uldivmod.o)
 .ARM.attributes
                0x000006fe       0x34 /opt/CodeSourcery/Sourcery_G++_Lite/lib/gcc/arm-none-eabi/4.5.2/libgcc.a(bpabi.o)
 .ARM.attributes
                0x00000732       0x34 /opt/CodeSourcery/Sourcery_G++_Lite/lib/gcc/arm-none-eabi/4.5.2/libgcc.a(_divdi3.o)
 .ARM.attributes
                0x00000766       0x34 /opt/CodeSourcery/Sourcery_G++_Lite/lib/gcc/arm-none-eabi/4.5.2/libgcc.a(_udivdi3.o)
 .ARM.attributes
                0x0000079a       0x1a /opt/CodeSourcery/Sourcery_G++_Lite/lib/gcc/arm-none-eabi/4.5.2/libgcc.a(_clzsi2.o)

.comment        0x00000000       0x2a
 .comment       0x00000000       0x2a Lcd.o
                                 0x2b (size before relaxing)
 .comment       0x00000000       0x2b Main.o
 .comment       0x00000000       0x2b Uart.o
 .comment       0x00000000       0x2b exception.o
 .comment       0x00000000       0x2b Touch.o
 .comment       0x00000000       0x2b Time.o
 .comment       0x00000000       0x2b Timer.o

.debug_line     0x00000000      0x884
 .debug_line    0x00000000       0xbe s3c2450_startup.o
 .debug_line    0x000000be      0x405 Lcd.o
 .debug_line    0x000004c3       0x89 Main.o
 .debug_line    0x0000054c       0xee Uart.o
 .debug_line    0x0000063a       0x67 exception.o
 .debug_line    0x000006a1      0x141 Touch.o
 .debug_line    0x000007e2       0x4b Time.o
 .debug_line    0x0000082d       0x57 Timer.o

.debug_info     0x00000000     0x1851
 .debug_info    0x00000000       0x56 s3c2450_startup.o
 .debug_info    0x00000056      0xf3a Lcd.o
 .debug_info    0x00000f90      0x181 Main.o
 .debug_info    0x00001111      0x1b0 Uart.o
 .debug_info    0x000012c1      0x130 exception.o
 .debug_info    0x000013f1      0x226 Touch.o
 .debug_info    0x00001617      0x12f Time.o
 .debug_info    0x00001746      0x10b Timer.o

.debug_abbrev   0x00000000      0x610
 .debug_abbrev  0x00000000       0x14 s3c2450_startup.o
 .debug_abbrev  0x00000014      0x17b Lcd.o
 .debug_abbrev  0x0000018f       0xec Main.o
 .debug_abbrev  0x0000027b      0x108 Uart.o
 .debug_abbrev  0x00000383       0x7d exception.o
 .debug_abbrev  0x00000400       0xb7 Touch.o
 .debug_abbrev  0x000004b7       0xb1 Time.o
 .debug_abbrev  0x00000568       0xa8 Timer.o

.debug_aranges  0x00000000      0x100
 .debug_aranges
                0x00000000       0x20 s3c2450_startup.o
 .debug_aranges
                0x00000020       0x20 Lcd.o
 .debug_aranges
                0x00000040       0x20 Main.o
 .debug_aranges
                0x00000060       0x20 Uart.o
 .debug_aranges
                0x00000080       0x20 exception.o
 .debug_aranges
                0x000000a0       0x20 Touch.o
 .debug_aranges
                0x000000c0       0x20 Time.o
 .debug_aranges
                0x000000e0       0x20 Timer.o

.debug_loc      0x00000000      0x974
 .debug_loc     0x00000000      0x4a4 Lcd.o
 .debug_loc     0x000004a4       0xdc Main.o
 .debug_loc     0x00000580      0x134 Uart.o
 .debug_loc     0x000006b4       0xdc exception.o
 .debug_loc     0x00000790       0x84 Touch.o
 .debug_loc     0x00000814       0xb0 Time.o
 .debug_loc     0x000008c4       0xb0 Timer.o

.debug_pubnames
                0x00000000      0x521
 .debug_pubnames
                0x00000000      0x268 Lcd.o
 .debug_pubnames
                0x00000268       0x83 Main.o
 .debug_pubnames
                0x000002eb       0x91 Uart.o
 .debug_pubnames
                0x0000037c       0x6d exception.o
 .debug_pubnames
                0x000003e9       0xa3 Touch.o
 .debug_pubnames
                0x0000048c       0x63 Time.o
 .debug_pubnames
                0x000004ef       0x32 Timer.o

.debug_str      0x00000000      0x58a
 .debug_str     0x00000000      0x2e9 Lcd.o
                                0x362 (size before relaxing)
 .debug_str     0x000002e9       0x44 Main.o
                                 0xa5 (size before relaxing)
 .debug_str     0x0000032d       0xa2 Uart.o
                                 0xe8 (size before relaxing)
 .debug_str     0x000003cf       0x9b exception.o
                                 0xcf (size before relaxing)
 .debug_str     0x0000046a       0x92 Touch.o
                                 0xbe (size before relaxing)
 .debug_str     0x000004fc       0x51 Time.o
                                 0x8a (size before relaxing)
 .debug_str     0x0000054d       0x3d Timer.o
                                 0x95 (size before relaxing)

.debug_frame    0x00000000      0xf68
 .debug_frame   0x00000000      0x378 Lcd.o
 .debug_frame   0x00000378       0xb0 Main.o
 .debug_frame   0x00000428       0xfc Uart.o
 .debug_frame   0x00000524       0xb0 exception.o
 .debug_frame   0x000005d4       0x78 Touch.o
 .debug_frame   0x0000064c       0x90 Time.o
 .debug_frame   0x000006dc       0x9c Timer.o
 .debug_frame   0x00000778       0x44 /opt/CodeSourcery/Sourcery_G++_Lite/arm-none-eabi/lib/libc.a(lib_a-vsprintf.o)
 .debug_frame   0x000007bc       0x3c /opt/CodeSourcery/Sourcery_G++_Lite/arm-none-eabi/lib/libc.a(lib_a-svfprintf.o)
 .debug_frame   0x000007f8       0x64 /opt/CodeSourcery/Sourcery_G++_Lite/arm-none-eabi/lib/libc.a(lib_a-dtoa.o)
 .debug_frame   0x0000085c       0x98 /opt/CodeSourcery/Sourcery_G++_Lite/arm-none-eabi/lib/libc.a(lib_a-locale.o)
 .debug_frame   0x000008f4       0x3c /opt/CodeSourcery/Sourcery_G++_Lite/arm-none-eabi/lib/libc.a(lib_a-mallocr.o)
 .debug_frame   0x00000930       0x2c /opt/CodeSourcery/Sourcery_G++_Lite/arm-none-eabi/lib/libc.a(lib_a-memchr.o)
 .debug_frame   0x0000095c       0x30 /opt/CodeSourcery/Sourcery_G++_Lite/arm-none-eabi/lib/libc.a(lib_a-memcpy.o)
 .debug_frame   0x0000098c       0x30 /opt/CodeSourcery/Sourcery_G++_Lite/arm-none-eabi/lib/libc.a(lib_a-mlock.o)
 .debug_frame   0x000009bc      0x228 /opt/CodeSourcery/Sourcery_G++_Lite/arm-none-eabi/lib/libc.a(lib_a-mprec.o)
 .debug_frame   0x00000be4       0x28 /opt/CodeSourcery/Sourcery_G++_Lite/arm-none-eabi/lib/libc.a(lib_a-s_fpclassify.o)
 .debug_frame   0x00000c0c       0x2c /opt/CodeSourcery/Sourcery_G++_Lite/arm-none-eabi/lib/libc.a(lib_a-sbrkr.o)
 .debug_frame   0x00000c38       0x30 /opt/CodeSourcery/Sourcery_G++_Lite/arm-none-eabi/lib/libc.a(lib_a-strcmp.o)
 .debug_frame   0x00000c68       0x20 /opt/CodeSourcery/Sourcery_G++_Lite/arm-none-eabi/lib/libc.a(lib_a-strlen.o)
 .debug_frame   0x00000c88       0x68 /opt/CodeSourcery/Sourcery_G++_Lite/arm-none-eabi/lib/libc.a(lib_a-svfiprintf.o)
 .debug_frame   0x00000cf0       0x28 /opt/CodeSourcery/Sourcery_G++_Lite/arm-none-eabi/lib/libc.a(lib_a-callocr.o)
 .debug_frame   0x00000d18       0x50 /opt/CodeSourcery/Sourcery_G++_Lite/arm-none-eabi/lib/libc.a(lib_a-freer.o)
 .debug_frame   0x00000d68       0x2c /opt/CodeSourcery/Sourcery_G++_Lite/arm-none-eabi/lib/libc.a(lib_a-memmove.o)
 .debug_frame   0x00000d94       0x28 /opt/CodeSourcery/Sourcery_G++_Lite/arm-none-eabi/lib/libc.a(lib_a-memset.o)
 .debug_frame   0x00000dbc       0x3c /opt/CodeSourcery/Sourcery_G++_Lite/arm-none-eabi/lib/libc.a(lib_a-reallocr.o)
 .debug_frame   0x00000df8       0x68 /opt/CodeSourcery/Sourcery_G++_Lite/arm-none-eabi/lib/libc.a(lib_a-reent.o)
 .debug_frame   0x00000e60       0x20 /opt/CodeSourcery/Sourcery_G++_Lite/lib/gcc/arm-none-eabi/4.5.2/libgcc.a(_udivsi3.o)
 .debug_frame   0x00000e80       0x20 /opt/CodeSourcery/Sourcery_G++_Lite/lib/gcc/arm-none-eabi/4.5.2/libgcc.a(_divsi3.o)
 .debug_frame   0x00000ea0       0x50 /opt/CodeSourcery/Sourcery_G++_Lite/lib/gcc/arm-none-eabi/4.5.2/libgcc.a(bpabi.o)
 .debug_frame   0x00000ef0       0x3c /opt/CodeSourcery/Sourcery_G++_Lite/lib/gcc/arm-none-eabi/4.5.2/libgcc.a(_divdi3.o)
 .debug_frame   0x00000f2c       0x3c /opt/CodeSourcery/Sourcery_G++_Lite/lib/gcc/arm-none-eabi/4.5.2/libgcc.a(_udivdi3.o)

.debug_pubtypes
                0x00000000       0x5e
 .debug_pubtypes
                0x00000000       0x1f Main.o
 .debug_pubtypes
                0x0000001f       0x3f Uart.o

Cross Reference Table

Symbol                                            File
ADC_x                                             Touch.o
ADC_y                                             Touch.o
CUR_SEC                                           Time.o
Cal_x1                                            Touch.o
Cal_x2                                            Touch.o
Cal_y1                                            Touch.o
Cal_y2                                            Touch.o
Dabort_Handler                                    exception.o
Exception_Init                                    exception.o
                                                  s3c2450_startup.o
Handle2D                                          s3c2450_startup.o
HandleADC                                         s3c2450_startup.o
HandleBATFLT                                      s3c2450_startup.o
HandleCAM                                         s3c2450_startup.o
HandleCFCON                                       s3c2450_startup.o
HandleDMA                                         s3c2450_startup.o
HandleDabort                                      s3c2450_startup.o
                                                  exception.o
HandleEINT0                                       s3c2450_startup.o
HandleEINT1                                       s3c2450_startup.o
HandleEINT2                                       s3c2450_startup.o
HandleEINT3                                       s3c2450_startup.o
HandleEINT4_7                                     s3c2450_startup.o
HandleEINT8_23                                    s3c2450_startup.o
HandleFIQ                                         s3c2450_startup.o
HandleI2S0                                        s3c2450_startup.o
HandleI2S1                                        s3c2450_startup.o
HandleIIC                                         s3c2450_startup.o
HandleIIC1                                        s3c2450_startup.o
HandleIRQ                                         s3c2450_startup.o
HandleLCD                                         s3c2450_startup.o
HandleNFCON                                       s3c2450_startup.o
HandlePCM0                                        s3c2450_startup.o
HandlePCM1                                        s3c2450_startup.o
HandlePabort                                      s3c2450_startup.o
                                                  exception.o
HandleRSV1                                        s3c2450_startup.o
HandleRSV2                                        s3c2450_startup.o
HandleRTC                                         s3c2450_startup.o
HandleReserved                                    s3c2450_startup.o
HandleReset                                       s3c2450_startup.o
HandleSDI0                                        s3c2450_startup.o
HandleSDI1                                        s3c2450_startup.o
HandleSPI0                                        s3c2450_startup.o
HandleSPI1                                        s3c2450_startup.o
HandleSWI                                         s3c2450_startup.o
                                                  exception.o
HandleTICK                                        s3c2450_startup.o
HandleTIMER0                                      s3c2450_startup.o
HandleTIMER1                                      s3c2450_startup.o
HandleTIMER2                                      s3c2450_startup.o
HandleTIMER3                                      s3c2450_startup.o
HandleTIMER4                                      s3c2450_startup.o
HandleUART0                                       s3c2450_startup.o
HandleUART1                                       s3c2450_startup.o
HandleUART2                                       s3c2450_startup.o
HandleUART3                                       s3c2450_startup.o
HandleUSBD                                        s3c2450_startup.o
HandleUSBH                                        s3c2450_startup.o
HandleUndef                                       s3c2450_startup.o
                                                  exception.o
HandleWDT                                         s3c2450_startup.o
Init                                              Main.o
IsrIRQ                                            s3c2450_startup.o
Lcd_Draw_BMP                                      Lcd.o
Lcd_Port_Init                                     Lcd.o
Main                                              Main.o
                                                  s3c2450_startup.o
NonPal_Lcd_Init                                   Lcd.o
NonPal_Put_Pixel                                  Lcd.o
                                                  Touch.o
Pabort_Handler                                    exception.o
ResetHandler                                      s3c2450_startup.o
SWI_Handler                                       exception.o
Touch_Pressed                                     Touch.o
Uart2_Get_Char                                    Uart.o
                                                  Main.o
Uart2_Send_Byte                                   Uart.o
                                                  Main.o
Uart_Get_Char                                     Uart.o
Uart_Init                                         Uart.o
                                                  Main.o
Uart_Printf                                       Uart.o
                                                  Touch.o
                                                  exception.o
                                                  Main.o
Uart_Send_Byte                                    Uart.o
                                                  Main.o
Uart_Send_String                                  Uart.o
                                                  Touch.o
                                                  Main.o
Undef_Handler                                     exception.o
_Balloc                                           /opt/CodeSourcery/Sourcery_G++_Lite/arm-none-eabi/lib/libc.a(lib_a-mprec.o)
                                                  /opt/CodeSourcery/Sourcery_G++_Lite/arm-none-eabi/lib/libc.a(lib_a-dtoa.o)
_Bfree                                            /opt/CodeSourcery/Sourcery_G++_Lite/arm-none-eabi/lib/libc.a(lib_a-mprec.o)
                                                  /opt/CodeSourcery/Sourcery_G++_Lite/arm-none-eabi/lib/libc.a(lib_a-dtoa.o)
_PathLocale                                       /opt/CodeSourcery/Sourcery_G++_Lite/arm-none-eabi/lib/libc.a(lib_a-locale.o)
__adddf3                                          /opt/CodeSourcery/Sourcery_G++_Lite/lib/gcc/arm-none-eabi/4.5.2/libgcc.a(_arm_addsubdf3.o)
__addsf3                                          /opt/CodeSourcery/Sourcery_G++_Lite/lib/gcc/arm-none-eabi/4.5.2/libgcc.a(_arm_addsubsf3.o)
__aeabi_cdcmpeq                                   /opt/CodeSourcery/Sourcery_G++_Lite/lib/gcc/arm-none-eabi/4.5.2/libgcc.a(_arm_cmpdf2.o)
__aeabi_cdcmple                                   /opt/CodeSourcery/Sourcery_G++_Lite/lib/gcc/arm-none-eabi/4.5.2/libgcc.a(_arm_cmpdf2.o)
__aeabi_cdrcmple                                  /opt/CodeSourcery/Sourcery_G++_Lite/lib/gcc/arm-none-eabi/4.5.2/libgcc.a(_arm_cmpdf2.o)
__aeabi_cfcmpeq                                   /opt/CodeSourcery/Sourcery_G++_Lite/lib/gcc/arm-none-eabi/4.5.2/libgcc.a(_arm_cmpsf2.o)
__aeabi_cfcmple                                   /opt/CodeSourcery/Sourcery_G++_Lite/lib/gcc/arm-none-eabi/4.5.2/libgcc.a(_arm_cmpsf2.o)
__aeabi_cfrcmple                                  /opt/CodeSourcery/Sourcery_G++_Lite/lib/gcc/arm-none-eabi/4.5.2/libgcc.a(_arm_cmpsf2.o)
__aeabi_d2f                                       /opt/CodeSourcery/Sourcery_G++_Lite/lib/gcc/arm-none-eabi/4.5.2/libgcc.a(_arm_truncdfsf2.o)
                                                  Lcd.o
__aeabi_d2iz                                      /opt/CodeSourcery/Sourcery_G++_Lite/lib/gcc/arm-none-eabi/4.5.2/libgcc.a(_arm_fixdfsi.o)
                                                  /opt/CodeSourcery/Sourcery_G++_Lite/arm-none-eabi/lib/libc.a(lib_a-dtoa.o)
__aeabi_d2uiz                                     /opt/CodeSourcery/Sourcery_G++_Lite/lib/gcc/arm-none-eabi/4.5.2/libgcc.a(_arm_fixunsdfsi.o)
                                                  Timer.o
                                                  Uart.o
__aeabi_dadd                                      /opt/CodeSourcery/Sourcery_G++_Lite/lib/gcc/arm-none-eabi/4.5.2/libgcc.a(_arm_addsubdf3.o)
                                                  /opt/CodeSourcery/Sourcery_G++_Lite/arm-none-eabi/lib/libc.a(lib_a-dtoa.o)
                                                  Uart.o
                                                  Lcd.o
__aeabi_dcmpeq                                    /opt/CodeSourcery/Sourcery_G++_Lite/lib/gcc/arm-none-eabi/4.5.2/libgcc.a(_arm_cmpdf2.o)
                                                  /opt/CodeSourcery/Sourcery_G++_Lite/arm-none-eabi/lib/libc.a(lib_a-dtoa.o)
                                                  /opt/CodeSourcery/Sourcery_G++_Lite/arm-none-eabi/lib/libc.a(lib_a-svfprintf.o)
__aeabi_dcmpge                                    /opt/CodeSourcery/Sourcery_G++_Lite/lib/gcc/arm-none-eabi/4.5.2/libgcc.a(_arm_cmpdf2.o)
                                                  /opt/CodeSourcery/Sourcery_G++_Lite/arm-none-eabi/lib/libc.a(lib_a-dtoa.o)
__aeabi_dcmpgt                                    /opt/CodeSourcery/Sourcery_G++_Lite/lib/gcc/arm-none-eabi/4.5.2/libgcc.a(_arm_cmpdf2.o)
                                                  /opt/CodeSourcery/Sourcery_G++_Lite/arm-none-eabi/lib/libc.a(lib_a-dtoa.o)
__aeabi_dcmple                                    /opt/CodeSourcery/Sourcery_G++_Lite/lib/gcc/arm-none-eabi/4.5.2/libgcc.a(_arm_cmpdf2.o)
__aeabi_dcmplt                                    /opt/CodeSourcery/Sourcery_G++_Lite/lib/gcc/arm-none-eabi/4.5.2/libgcc.a(_arm_cmpdf2.o)
                                                  /opt/CodeSourcery/Sourcery_G++_Lite/arm-none-eabi/lib/libc.a(lib_a-dtoa.o)
                                                  /opt/CodeSourcery/Sourcery_G++_Lite/arm-none-eabi/lib/libc.a(lib_a-svfprintf.o)
__aeabi_ddiv                                      /opt/CodeSourcery/Sourcery_G++_Lite/lib/gcc/arm-none-eabi/4.5.2/libgcc.a(_arm_muldivdf3.o)
                                                  /opt/CodeSourcery/Sourcery_G++_Lite/arm-none-eabi/lib/libc.a(lib_a-mprec.o)
                                                  /opt/CodeSourcery/Sourcery_G++_Lite/arm-none-eabi/lib/libc.a(lib_a-dtoa.o)
                                                  Uart.o
                                                  Lcd.o
__aeabi_dmul                                      /opt/CodeSourcery/Sourcery_G++_Lite/lib/gcc/arm-none-eabi/4.5.2/libgcc.a(_arm_muldivdf3.o)
                                                  /opt/CodeSourcery/Sourcery_G++_Lite/arm-none-eabi/lib/libc.a(lib_a-mprec.o)
                                                  /opt/CodeSourcery/Sourcery_G++_Lite/arm-none-eabi/lib/libc.a(lib_a-dtoa.o)
                                                  Timer.o
__aeabi_drsub                                     /opt/CodeSourcery/Sourcery_G++_Lite/lib/gcc/arm-none-eabi/4.5.2/libgcc.a(_arm_addsubdf3.o)
__aeabi_dsub                                      /opt/CodeSourcery/Sourcery_G++_Lite/lib/gcc/arm-none-eabi/4.5.2/libgcc.a(_arm_addsubdf3.o)
                                                  /opt/CodeSourcery/Sourcery_G++_Lite/arm-none-eabi/lib/libc.a(lib_a-dtoa.o)
__aeabi_f2d                                       /opt/CodeSourcery/Sourcery_G++_Lite/lib/gcc/arm-none-eabi/4.5.2/libgcc.a(_arm_addsubdf3.o)
__aeabi_f2iz                                      /opt/CodeSourcery/Sourcery_G++_Lite/lib/gcc/arm-none-eabi/4.5.2/libgcc.a(_arm_fixsfsi.o)
                                                  Lcd.o
__aeabi_fadd                                      /opt/CodeSourcery/Sourcery_G++_Lite/lib/gcc/arm-none-eabi/4.5.2/libgcc.a(_arm_addsubsf3.o)
                                                  Lcd.o
__aeabi_fcmpeq                                    /opt/CodeSourcery/Sourcery_G++_Lite/lib/gcc/arm-none-eabi/4.5.2/libgcc.a(_arm_cmpsf2.o)
                                                  Lcd.o
__aeabi_fcmpge                                    /opt/CodeSourcery/Sourcery_G++_Lite/lib/gcc/arm-none-eabi/4.5.2/libgcc.a(_arm_cmpsf2.o)
__aeabi_fcmpgt                                    /opt/CodeSourcery/Sourcery_G++_Lite/lib/gcc/arm-none-eabi/4.5.2/libgcc.a(_arm_cmpsf2.o)
__aeabi_fcmple                                    /opt/CodeSourcery/Sourcery_G++_Lite/lib/gcc/arm-none-eabi/4.5.2/libgcc.a(_arm_cmpsf2.o)
__aeabi_fcmplt                                    /opt/CodeSourcery/Sourcery_G++_Lite/lib/gcc/arm-none-eabi/4.5.2/libgcc.a(_arm_cmpsf2.o)
                                                  Lcd.o
__aeabi_fdiv                                      /opt/CodeSourcery/Sourcery_G++_Lite/lib/gcc/arm-none-eabi/4.5.2/libgcc.a(_arm_muldivsf3.o)
                                                  Lcd.o
__aeabi_fmul                                      /opt/CodeSourcery/Sourcery_G++_Lite/lib/gcc/arm-none-eabi/4.5.2/libgcc.a(_arm_muldivsf3.o)
                                                  Lcd.o
__aeabi_frsub                                     /opt/CodeSourcery/Sourcery_G++_Lite/lib/gcc/arm-none-eabi/4.5.2/libgcc.a(_arm_addsubsf3.o)
__aeabi_fsub                                      /opt/CodeSourcery/Sourcery_G++_Lite/lib/gcc/arm-none-eabi/4.5.2/libgcc.a(_arm_addsubsf3.o)
                                                  Lcd.o
__aeabi_i2d                                       /opt/CodeSourcery/Sourcery_G++_Lite/lib/gcc/arm-none-eabi/4.5.2/libgcc.a(_arm_addsubdf3.o)
                                                  /opt/CodeSourcery/Sourcery_G++_Lite/arm-none-eabi/lib/libc.a(lib_a-dtoa.o)
                                                  Timer.o
                                                  Uart.o
                                                  Lcd.o
__aeabi_i2f                                       /opt/CodeSourcery/Sourcery_G++_Lite/lib/gcc/arm-none-eabi/4.5.2/libgcc.a(_arm_addsubsf3.o)
                                                  Lcd.o
__aeabi_idiv                                      /opt/CodeSourcery/Sourcery_G++_Lite/lib/gcc/arm-none-eabi/4.5.2/libgcc.a(_divsi3.o)
                                                  Touch.o
__aeabi_idiv0                                     /opt/CodeSourcery/Sourcery_G++_Lite/lib/gcc/arm-none-eabi/4.5.2/libgcc.a(_dvmd_tls.o)
                                                  /opt/CodeSourcery/Sourcery_G++_Lite/lib/gcc/arm-none-eabi/4.5.2/libgcc.a(_divsi3.o)
                                                  /opt/CodeSourcery/Sourcery_G++_Lite/lib/gcc/arm-none-eabi/4.5.2/libgcc.a(_udivsi3.o)
__aeabi_idivmod                                   /opt/CodeSourcery/Sourcery_G++_Lite/lib/gcc/arm-none-eabi/4.5.2/libgcc.a(_divsi3.o)
__aeabi_l2d                                       /opt/CodeSourcery/Sourcery_G++_Lite/lib/gcc/arm-none-eabi/4.5.2/libgcc.a(_arm_addsubdf3.o)
__aeabi_l2f                                       /opt/CodeSourcery/Sourcery_G++_Lite/lib/gcc/arm-none-eabi/4.5.2/libgcc.a(_arm_addsubsf3.o)
__aeabi_ldiv0                                     /opt/CodeSourcery/Sourcery_G++_Lite/lib/gcc/arm-none-eabi/4.5.2/libgcc.a(_dvmd_tls.o)
                                                  /opt/CodeSourcery/Sourcery_G++_Lite/lib/gcc/arm-none-eabi/4.5.2/libgcc.a(_aeabi_uldivmod.o)
__aeabi_ui2d                                      /opt/CodeSourcery/Sourcery_G++_Lite/lib/gcc/arm-none-eabi/4.5.2/libgcc.a(_arm_addsubdf3.o)
                                                  /opt/CodeSourcery/Sourcery_G++_Lite/arm-none-eabi/lib/libc.a(lib_a-dtoa.o)
__aeabi_ui2f                                      /opt/CodeSourcery/Sourcery_G++_Lite/lib/gcc/arm-none-eabi/4.5.2/libgcc.a(_arm_addsubsf3.o)
__aeabi_uidiv                                     /opt/CodeSourcery/Sourcery_G++_Lite/lib/gcc/arm-none-eabi/4.5.2/libgcc.a(_udivsi3.o)
                                                  /opt/CodeSourcery/Sourcery_G++_Lite/lib/gcc/arm-none-eabi/4.5.2/libgcc.a(_udivdi3.o)
                                                  /opt/CodeSourcery/Sourcery_G++_Lite/lib/gcc/arm-none-eabi/4.5.2/libgcc.a(_divdi3.o)
                                                  /opt/CodeSourcery/Sourcery_G++_Lite/arm-none-eabi/lib/libc.a(lib_a-dtoa.o)
                                                  Lcd.o
__aeabi_uidivmod                                  /opt/CodeSourcery/Sourcery_G++_Lite/lib/gcc/arm-none-eabi/4.5.2/libgcc.a(_udivsi3.o)
                                                  /opt/CodeSourcery/Sourcery_G++_Lite/lib/gcc/arm-none-eabi/4.5.2/libgcc.a(_udivdi3.o)
                                                  /opt/CodeSourcery/Sourcery_G++_Lite/lib/gcc/arm-none-eabi/4.5.2/libgcc.a(_divdi3.o)
__aeabi_ul2d                                      /opt/CodeSourcery/Sourcery_G++_Lite/lib/gcc/arm-none-eabi/4.5.2/libgcc.a(_arm_addsubdf3.o)
__aeabi_ul2f                                      /opt/CodeSourcery/Sourcery_G++_Lite/lib/gcc/arm-none-eabi/4.5.2/libgcc.a(_arm_addsubsf3.o)
__aeabi_uldivmod                                  /opt/CodeSourcery/Sourcery_G++_Lite/lib/gcc/arm-none-eabi/4.5.2/libgcc.a(_aeabi_uldivmod.o)
                                                  /opt/CodeSourcery/Sourcery_G++_Lite/arm-none-eabi/lib/libc.a(lib_a-svfiprintf.o)
                                                  /opt/CodeSourcery/Sourcery_G++_Lite/arm-none-eabi/lib/libc.a(lib_a-svfprintf.o)
__any_on                                          /opt/CodeSourcery/Sourcery_G++_Lite/arm-none-eabi/lib/libc.a(lib_a-mprec.o)
__b2d                                             /opt/CodeSourcery/Sourcery_G++_Lite/arm-none-eabi/lib/libc.a(lib_a-mprec.o)
__clzsi2                                          /opt/CodeSourcery/Sourcery_G++_Lite/lib/gcc/arm-none-eabi/4.5.2/libgcc.a(_clzsi2.o)
                                                  /opt/CodeSourcery/Sourcery_G++_Lite/lib/gcc/arm-none-eabi/4.5.2/libgcc.a(_udivdi3.o)
                                                  /opt/CodeSourcery/Sourcery_G++_Lite/lib/gcc/arm-none-eabi/4.5.2/libgcc.a(_divdi3.o)
__cmpdf2                                          /opt/CodeSourcery/Sourcery_G++_Lite/lib/gcc/arm-none-eabi/4.5.2/libgcc.a(_arm_cmpdf2.o)
__cmpsf2                                          /opt/CodeSourcery/Sourcery_G++_Lite/lib/gcc/arm-none-eabi/4.5.2/libgcc.a(_arm_cmpsf2.o)
__copybits                                        /opt/CodeSourcery/Sourcery_G++_Lite/arm-none-eabi/lib/libc.a(lib_a-mprec.o)
__d2b                                             /opt/CodeSourcery/Sourcery_G++_Lite/arm-none-eabi/lib/libc.a(lib_a-mprec.o)
                                                  /opt/CodeSourcery/Sourcery_G++_Lite/arm-none-eabi/lib/libc.a(lib_a-dtoa.o)
__divdf3                                          /opt/CodeSourcery/Sourcery_G++_Lite/lib/gcc/arm-none-eabi/4.5.2/libgcc.a(_arm_muldivdf3.o)
__divdi3                                          /opt/CodeSourcery/Sourcery_G++_Lite/lib/gcc/arm-none-eabi/4.5.2/libgcc.a(_divdi3.o)
                                                  /opt/CodeSourcery/Sourcery_G++_Lite/lib/gcc/arm-none-eabi/4.5.2/libgcc.a(bpabi.o)
__divsf3                                          /opt/CodeSourcery/Sourcery_G++_Lite/lib/gcc/arm-none-eabi/4.5.2/libgcc.a(_arm_muldivsf3.o)
__divsi3                                          /opt/CodeSourcery/Sourcery_G++_Lite/lib/gcc/arm-none-eabi/4.5.2/libgcc.a(_divsi3.o)
__eqdf2                                           /opt/CodeSourcery/Sourcery_G++_Lite/lib/gcc/arm-none-eabi/4.5.2/libgcc.a(_arm_cmpdf2.o)
__eqsf2                                           /opt/CodeSourcery/Sourcery_G++_Lite/lib/gcc/arm-none-eabi/4.5.2/libgcc.a(_arm_cmpsf2.o)
__extendsfdf2                                     /opt/CodeSourcery/Sourcery_G++_Lite/lib/gcc/arm-none-eabi/4.5.2/libgcc.a(_arm_addsubdf3.o)
__fixdfsi                                         /opt/CodeSourcery/Sourcery_G++_Lite/lib/gcc/arm-none-eabi/4.5.2/libgcc.a(_arm_fixdfsi.o)
__fixsfsi                                         /opt/CodeSourcery/Sourcery_G++_Lite/lib/gcc/arm-none-eabi/4.5.2/libgcc.a(_arm_fixsfsi.o)
__fixunsdfsi                                      /opt/CodeSourcery/Sourcery_G++_Lite/lib/gcc/arm-none-eabi/4.5.2/libgcc.a(_arm_fixunsdfsi.o)
__floatdidf                                       /opt/CodeSourcery/Sourcery_G++_Lite/lib/gcc/arm-none-eabi/4.5.2/libgcc.a(_arm_addsubdf3.o)
__floatdisf                                       /opt/CodeSourcery/Sourcery_G++_Lite/lib/gcc/arm-none-eabi/4.5.2/libgcc.a(_arm_addsubsf3.o)
__floatsidf                                       /opt/CodeSourcery/Sourcery_G++_Lite/lib/gcc/arm-none-eabi/4.5.2/libgcc.a(_arm_addsubdf3.o)
__floatsisf                                       /opt/CodeSourcery/Sourcery_G++_Lite/lib/gcc/arm-none-eabi/4.5.2/libgcc.a(_arm_addsubsf3.o)
__floatundidf                                     /opt/CodeSourcery/Sourcery_G++_Lite/lib/gcc/arm-none-eabi/4.5.2/libgcc.a(_arm_addsubdf3.o)
__floatundisf                                     /opt/CodeSourcery/Sourcery_G++_Lite/lib/gcc/arm-none-eabi/4.5.2/libgcc.a(_arm_addsubsf3.o)
__floatunsidf                                     /opt/CodeSourcery/Sourcery_G++_Lite/lib/gcc/arm-none-eabi/4.5.2/libgcc.a(_arm_addsubdf3.o)
__floatunsisf                                     /opt/CodeSourcery/Sourcery_G++_Lite/lib/gcc/arm-none-eabi/4.5.2/libgcc.a(_arm_addsubsf3.o)
__fpclassifyd                                     /opt/CodeSourcery/Sourcery_G++_Lite/arm-none-eabi/lib/libc.a(lib_a-s_fpclassify.o)
                                                  /opt/CodeSourcery/Sourcery_G++_Lite/arm-none-eabi/lib/libc.a(lib_a-svfprintf.o)
__gedf2                                           /opt/CodeSourcery/Sourcery_G++_Lite/lib/gcc/arm-none-eabi/4.5.2/libgcc.a(_arm_cmpdf2.o)
__gesf2                                           /opt/CodeSourcery/Sourcery_G++_Lite/lib/gcc/arm-none-eabi/4.5.2/libgcc.a(_arm_cmpsf2.o)
__gnu_ldivmod_helper                              /opt/CodeSourcery/Sourcery_G++_Lite/lib/gcc/arm-none-eabi/4.5.2/libgcc.a(bpabi.o)
__gnu_uldivmod_helper                             /opt/CodeSourcery/Sourcery_G++_Lite/lib/gcc/arm-none-eabi/4.5.2/libgcc.a(bpabi.o)
                                                  /opt/CodeSourcery/Sourcery_G++_Lite/lib/gcc/arm-none-eabi/4.5.2/libgcc.a(_aeabi_uldivmod.o)
__gtdf2                                           /opt/CodeSourcery/Sourcery_G++_Lite/lib/gcc/arm-none-eabi/4.5.2/libgcc.a(_arm_cmpdf2.o)
__gtsf2                                           /opt/CodeSourcery/Sourcery_G++_Lite/lib/gcc/arm-none-eabi/4.5.2/libgcc.a(_arm_cmpsf2.o)
__hi0bits                                         /opt/CodeSourcery/Sourcery_G++_Lite/arm-none-eabi/lib/libc.a(lib_a-mprec.o)
                                                  /opt/CodeSourcery/Sourcery_G++_Lite/arm-none-eabi/lib/libc.a(lib_a-dtoa.o)
__i2b                                             /opt/CodeSourcery/Sourcery_G++_Lite/arm-none-eabi/lib/libc.a(lib_a-mprec.o)
                                                  /opt/CodeSourcery/Sourcery_G++_Lite/arm-none-eabi/lib/libc.a(lib_a-dtoa.o)
__ledf2                                           /opt/CodeSourcery/Sourcery_G++_Lite/lib/gcc/arm-none-eabi/4.5.2/libgcc.a(_arm_cmpdf2.o)
__lesf2                                           /opt/CodeSourcery/Sourcery_G++_Lite/lib/gcc/arm-none-eabi/4.5.2/libgcc.a(_arm_cmpsf2.o)
__lo0bits                                         /opt/CodeSourcery/Sourcery_G++_Lite/arm-none-eabi/lib/libc.a(lib_a-mprec.o)
__locale_charset                                  /opt/CodeSourcery/Sourcery_G++_Lite/arm-none-eabi/lib/libc.a(lib_a-locale.o)
__locale_cjk_lang                                 /opt/CodeSourcery/Sourcery_G++_Lite/arm-none-eabi/lib/libc.a(lib_a-locale.o)
__locale_mb_cur_max                               /opt/CodeSourcery/Sourcery_G++_Lite/arm-none-eabi/lib/libc.a(lib_a-locale.o)
__locale_msgcharset                               /opt/CodeSourcery/Sourcery_G++_Lite/arm-none-eabi/lib/libc.a(lib_a-locale.o)
__lshift                                          /opt/CodeSourcery/Sourcery_G++_Lite/arm-none-eabi/lib/libc.a(lib_a-mprec.o)
                                                  /opt/CodeSourcery/Sourcery_G++_Lite/arm-none-eabi/lib/libc.a(lib_a-dtoa.o)
__ltdf2                                           /opt/CodeSourcery/Sourcery_G++_Lite/lib/gcc/arm-none-eabi/4.5.2/libgcc.a(_arm_cmpdf2.o)
__ltsf2                                           /opt/CodeSourcery/Sourcery_G++_Lite/lib/gcc/arm-none-eabi/4.5.2/libgcc.a(_arm_cmpsf2.o)
__malloc_av_                                      /opt/CodeSourcery/Sourcery_G++_Lite/arm-none-eabi/lib/libc.a(lib_a-mallocr.o)
                                                  /opt/CodeSourcery/Sourcery_G++_Lite/arm-none-eabi/lib/libc.a(lib_a-reallocr.o)
                                                  /opt/CodeSourcery/Sourcery_G++_Lite/arm-none-eabi/lib/libc.a(lib_a-freer.o)
__malloc_current_mallinfo                         /opt/CodeSourcery/Sourcery_G++_Lite/arm-none-eabi/lib/libc.a(lib_a-mallocr.o)
                                                  /opt/CodeSourcery/Sourcery_G++_Lite/arm-none-eabi/lib/libc.a(lib_a-freer.o)
__malloc_lock                                     /opt/CodeSourcery/Sourcery_G++_Lite/arm-none-eabi/lib/libc.a(lib_a-mlock.o)
                                                  /opt/CodeSourcery/Sourcery_G++_Lite/arm-none-eabi/lib/libc.a(lib_a-reallocr.o)
                                                  /opt/CodeSourcery/Sourcery_G++_Lite/arm-none-eabi/lib/libc.a(lib_a-freer.o)
                                                  /opt/CodeSourcery/Sourcery_G++_Lite/arm-none-eabi/lib/libc.a(lib_a-mallocr.o)
__malloc_max_sbrked_mem                           /opt/CodeSourcery/Sourcery_G++_Lite/arm-none-eabi/lib/libc.a(lib_a-mallocr.o)
__malloc_max_total_mem                            /opt/CodeSourcery/Sourcery_G++_Lite/arm-none-eabi/lib/libc.a(lib_a-mallocr.o)
__malloc_sbrk_base                                /opt/CodeSourcery/Sourcery_G++_Lite/arm-none-eabi/lib/libc.a(lib_a-mallocr.o)
                                                  /opt/CodeSourcery/Sourcery_G++_Lite/arm-none-eabi/lib/libc.a(lib_a-freer.o)
__malloc_top_pad                                  /opt/CodeSourcery/Sourcery_G++_Lite/arm-none-eabi/lib/libc.a(lib_a-mallocr.o)
                                                  /opt/CodeSourcery/Sourcery_G++_Lite/arm-none-eabi/lib/libc.a(lib_a-freer.o)
__malloc_trim_threshold                           /opt/CodeSourcery/Sourcery_G++_Lite/arm-none-eabi/lib/libc.a(lib_a-mallocr.o)
                                                  /opt/CodeSourcery/Sourcery_G++_Lite/arm-none-eabi/lib/libc.a(lib_a-freer.o)
__malloc_unlock                                   /opt/CodeSourcery/Sourcery_G++_Lite/arm-none-eabi/lib/libc.a(lib_a-mlock.o)
                                                  /opt/CodeSourcery/Sourcery_G++_Lite/arm-none-eabi/lib/libc.a(lib_a-reallocr.o)
                                                  /opt/CodeSourcery/Sourcery_G++_Lite/arm-none-eabi/lib/libc.a(lib_a-freer.o)
                                                  /opt/CodeSourcery/Sourcery_G++_Lite/arm-none-eabi/lib/libc.a(lib_a-mallocr.o)
__mb_cur_max                                      /opt/CodeSourcery/Sourcery_G++_Lite/arm-none-eabi/lib/libc.a(lib_a-locale.o)
__mcmp                                            /opt/CodeSourcery/Sourcery_G++_Lite/arm-none-eabi/lib/libc.a(lib_a-mprec.o)
                                                  /opt/CodeSourcery/Sourcery_G++_Lite/arm-none-eabi/lib/libc.a(lib_a-dtoa.o)
__mdiff                                           /opt/CodeSourcery/Sourcery_G++_Lite/arm-none-eabi/lib/libc.a(lib_a-mprec.o)
                                                  /opt/CodeSourcery/Sourcery_G++_Lite/arm-none-eabi/lib/libc.a(lib_a-dtoa.o)
__mlocale_changed                                 /opt/CodeSourcery/Sourcery_G++_Lite/arm-none-eabi/lib/libc.a(lib_a-locale.o)
__mprec_bigtens                                   /opt/CodeSourcery/Sourcery_G++_Lite/arm-none-eabi/lib/libc.a(lib_a-mprec.o)
                                                  /opt/CodeSourcery/Sourcery_G++_Lite/arm-none-eabi/lib/libc.a(lib_a-dtoa.o)
__mprec_tens                                      /opt/CodeSourcery/Sourcery_G++_Lite/arm-none-eabi/lib/libc.a(lib_a-mprec.o)
                                                  /opt/CodeSourcery/Sourcery_G++_Lite/arm-none-eabi/lib/libc.a(lib_a-dtoa.o)
__mprec_tinytens                                  /opt/CodeSourcery/Sourcery_G++_Lite/arm-none-eabi/lib/libc.a(lib_a-mprec.o)
__muldf3                                          /opt/CodeSourcery/Sourcery_G++_Lite/lib/gcc/arm-none-eabi/4.5.2/libgcc.a(_arm_muldivdf3.o)
__mulsf3                                          /opt/CodeSourcery/Sourcery_G++_Lite/lib/gcc/arm-none-eabi/4.5.2/libgcc.a(_arm_muldivsf3.o)
__multadd                                         /opt/CodeSourcery/Sourcery_G++_Lite/arm-none-eabi/lib/libc.a(lib_a-mprec.o)
                                                  /opt/CodeSourcery/Sourcery_G++_Lite/arm-none-eabi/lib/libc.a(lib_a-dtoa.o)
__multiply                                        /opt/CodeSourcery/Sourcery_G++_Lite/arm-none-eabi/lib/libc.a(lib_a-mprec.o)
                                                  /opt/CodeSourcery/Sourcery_G++_Lite/arm-none-eabi/lib/libc.a(lib_a-dtoa.o)
__nedf2                                           /opt/CodeSourcery/Sourcery_G++_Lite/lib/gcc/arm-none-eabi/4.5.2/libgcc.a(_arm_cmpdf2.o)
__nesf2                                           /opt/CodeSourcery/Sourcery_G++_Lite/lib/gcc/arm-none-eabi/4.5.2/libgcc.a(_arm_cmpsf2.o)
__nlocale_changed                                 /opt/CodeSourcery/Sourcery_G++_Lite/arm-none-eabi/lib/libc.a(lib_a-locale.o)
__pow5mult                                        /opt/CodeSourcery/Sourcery_G++_Lite/arm-none-eabi/lib/libc.a(lib_a-mprec.o)
                                                  /opt/CodeSourcery/Sourcery_G++_Lite/arm-none-eabi/lib/libc.a(lib_a-dtoa.o)
__ratio                                           /opt/CodeSourcery/Sourcery_G++_Lite/arm-none-eabi/lib/libc.a(lib_a-mprec.o)
__s2b                                             /opt/CodeSourcery/Sourcery_G++_Lite/arm-none-eabi/lib/libc.a(lib_a-mprec.o)
__ssprint_r                                       /opt/CodeSourcery/Sourcery_G++_Lite/arm-none-eabi/lib/libc.a(lib_a-svfiprintf.o)
                                                  /opt/CodeSourcery/Sourcery_G++_Lite/arm-none-eabi/lib/libc.a(lib_a-svfprintf.o)
__subdf3                                          /opt/CodeSourcery/Sourcery_G++_Lite/lib/gcc/arm-none-eabi/4.5.2/libgcc.a(_arm_addsubdf3.o)
__subsf3                                          /opt/CodeSourcery/Sourcery_G++_Lite/lib/gcc/arm-none-eabi/4.5.2/libgcc.a(_arm_addsubsf3.o)
__truncdfsf2                                      /opt/CodeSourcery/Sourcery_G++_Lite/lib/gcc/arm-none-eabi/4.5.2/libgcc.a(_arm_truncdfsf2.o)
__udivdi3                                         /opt/CodeSourcery/Sourcery_G++_Lite/lib/gcc/arm-none-eabi/4.5.2/libgcc.a(_udivdi3.o)
                                                  /opt/CodeSourcery/Sourcery_G++_Lite/lib/gcc/arm-none-eabi/4.5.2/libgcc.a(bpabi.o)
__udivsi3                                         /opt/CodeSourcery/Sourcery_G++_Lite/lib/gcc/arm-none-eabi/4.5.2/libgcc.a(_udivsi3.o)
__ulp                                             /opt/CodeSourcery/Sourcery_G++_Lite/arm-none-eabi/lib/libc.a(lib_a-mprec.o)
_calloc_r                                         /opt/CodeSourcery/Sourcery_G++_Lite/arm-none-eabi/lib/libc.a(lib_a-callocr.o)
                                                  /opt/CodeSourcery/Sourcery_G++_Lite/arm-none-eabi/lib/libc.a(lib_a-mprec.o)
_dtoa_r                                           /opt/CodeSourcery/Sourcery_G++_Lite/arm-none-eabi/lib/libc.a(lib_a-dtoa.o)
                                                  /opt/CodeSourcery/Sourcery_G++_Lite/arm-none-eabi/lib/libc.a(lib_a-svfprintf.o)
_free_r                                           /opt/CodeSourcery/Sourcery_G++_Lite/arm-none-eabi/lib/libc.a(lib_a-freer.o)
                                                  /opt/CodeSourcery/Sourcery_G++_Lite/arm-none-eabi/lib/libc.a(lib_a-reent.o)
                                                  /opt/CodeSourcery/Sourcery_G++_Lite/arm-none-eabi/lib/libc.a(lib_a-reallocr.o)
                                                  /opt/CodeSourcery/Sourcery_G++_Lite/arm-none-eabi/lib/libc.a(lib_a-svfiprintf.o)
                                                  /opt/CodeSourcery/Sourcery_G++_Lite/arm-none-eabi/lib/libc.a(lib_a-mallocr.o)
_global_impure_ptr                                /opt/CodeSourcery/Sourcery_G++_Lite/arm-none-eabi/lib/libc.a(lib_a-impure.o)
_impure_ptr                                       /opt/CodeSourcery/Sourcery_G++_Lite/arm-none-eabi/lib/libc.a(lib_a-impure.o)
                                                  /opt/CodeSourcery/Sourcery_G++_Lite/arm-none-eabi/lib/libc.a(lib_a-reent.o)
                                                  /opt/CodeSourcery/Sourcery_G++_Lite/arm-none-eabi/lib/libc.a(lib_a-locale.o)
                                                  /opt/CodeSourcery/Sourcery_G++_Lite/arm-none-eabi/lib/libc.a(lib_a-vsprintf.o)
_localeconv_r                                     /opt/CodeSourcery/Sourcery_G++_Lite/arm-none-eabi/lib/libc.a(lib_a-locale.o)
                                                  /opt/CodeSourcery/Sourcery_G++_Lite/arm-none-eabi/lib/libc.a(lib_a-svfprintf.o)
_malloc_r                                         /opt/CodeSourcery/Sourcery_G++_Lite/arm-none-eabi/lib/libc.a(lib_a-mallocr.o)
                                                  /opt/CodeSourcery/Sourcery_G++_Lite/arm-none-eabi/lib/libc.a(lib_a-reallocr.o)
                                                  /opt/CodeSourcery/Sourcery_G++_Lite/arm-none-eabi/lib/libc.a(lib_a-callocr.o)
                                                  /opt/CodeSourcery/Sourcery_G++_Lite/arm-none-eabi/lib/libc.a(lib_a-svfiprintf.o)
                                                  /opt/CodeSourcery/Sourcery_G++_Lite/arm-none-eabi/lib/libc.a(lib_a-svfprintf.o)
_malloc_trim_r                                    /opt/CodeSourcery/Sourcery_G++_Lite/arm-none-eabi/lib/libc.a(lib_a-freer.o)
_mprec_log10                                      /opt/CodeSourcery/Sourcery_G++_Lite/arm-none-eabi/lib/libc.a(lib_a-mprec.o)
_realloc_r                                        /opt/CodeSourcery/Sourcery_G++_Lite/arm-none-eabi/lib/libc.a(lib_a-reallocr.o)
                                                  /opt/CodeSourcery/Sourcery_G++_Lite/arm-none-eabi/lib/libc.a(lib_a-svfiprintf.o)
_reclaim_reent                                    /opt/CodeSourcery/Sourcery_G++_Lite/arm-none-eabi/lib/libc.a(lib_a-reent.o)
_sbrk                                             s3c2450_startup.o
                                                  /opt/CodeSourcery/Sourcery_G++_Lite/arm-none-eabi/lib/libc.a(lib_a-sbrkr.o)
_sbrk_r                                           /opt/CodeSourcery/Sourcery_G++_Lite/arm-none-eabi/lib/libc.a(lib_a-sbrkr.o)
                                                  /opt/CodeSourcery/Sourcery_G++_Lite/arm-none-eabi/lib/libc.a(lib_a-freer.o)
                                                  /opt/CodeSourcery/Sourcery_G++_Lite/arm-none-eabi/lib/libc.a(lib_a-mallocr.o)
_setlocale_r                                      /opt/CodeSourcery/Sourcery_G++_Lite/arm-none-eabi/lib/libc.a(lib_a-locale.o)
_start                                            s3c2450_startup.o
_svfiprintf_r                                     /opt/CodeSourcery/Sourcery_G++_Lite/arm-none-eabi/lib/libc.a(lib_a-svfiprintf.o)
_svfprintf_r                                      /opt/CodeSourcery/Sourcery_G++_Lite/arm-none-eabi/lib/libc.a(lib_a-svfprintf.o)
                                                  /opt/CodeSourcery/Sourcery_G++_Lite/arm-none-eabi/lib/libc.a(lib_a-vsprintf.o)
_vsprintf_r                                       /opt/CodeSourcery/Sourcery_G++_Lite/arm-none-eabi/lib/libc.a(lib_a-vsprintf.o)
_wrapup_reent                                     /opt/CodeSourcery/Sourcery_G++_Lite/arm-none-eabi/lib/libc.a(lib_a-reent.o)
bg_color                                          Main.o
                                                  Timer.o
bss_end_addr                                      s3c2450_startup.o
bss_start_addr                                    s3c2450_startup.o
celsius                                           Lcd.o
celsius_buffer                                    Lcd.o
cleanup_glue                                      /opt/CodeSourcery/Sourcery_G++_Lite/arm-none-eabi/lib/libc.a(lib_a-reent.o)
data_end_addr                                     s3c2450_startup.o
data_start_addr                                   s3c2450_startup.o
data_uart                                         Main.o
dot_buffer                                        Lcd.o
errno                                             /opt/CodeSourcery/Sourcery_G++_Lite/arm-none-eabi/lib/libc.a(lib_a-reent.o)
                                                  /opt/CodeSourcery/Sourcery_G++_Lite/arm-none-eabi/lib/libc.a(lib_a-sbrkr.o)
farenheit                                         Lcd.o
farenheit_buffer                                  Lcd.o
frame                                             Lcd.o
frame_buffer                                      Lcd.o
get_current_time                                  Time.o
                                                  Timer.o
                                                  Touch.o
get_data_uart                                     Main.o
inc_time                                          Time.o
                                                  Timer.o
init_colors                                       Main.o
init_data_uart                                    Main.o
init_lcd                                          Lcd.o
                                                  Main.o
init_time                                         Time.o
                                                  Main.o
init_timer1                                       Timer.o
                                                  Main.o
init_touch                                        Touch.o
                                                  Main.o
localeconv                                        /opt/CodeSourcery/Sourcery_G++_Lite/arm-none-eabi/lib/libc.a(lib_a-locale.o)
memchr                                            /opt/CodeSourcery/Sourcery_G++_Lite/arm-none-eabi/lib/libc.a(lib_a-memchr.o)
                                                  /opt/CodeSourcery/Sourcery_G++_Lite/arm-none-eabi/lib/libc.a(lib_a-svfiprintf.o)
                                                  /opt/CodeSourcery/Sourcery_G++_Lite/arm-none-eabi/lib/libc.a(lib_a-svfprintf.o)
memcpy                                            /opt/CodeSourcery/Sourcery_G++_Lite/arm-none-eabi/lib/libc.a(lib_a-memcpy.o)
                                                  /opt/CodeSourcery/Sourcery_G++_Lite/arm-none-eabi/lib/libc.a(lib_a-svfiprintf.o)
                                                  /opt/CodeSourcery/Sourcery_G++_Lite/arm-none-eabi/lib/libc.a(lib_a-mprec.o)
                                                  /opt/CodeSourcery/Sourcery_G++_Lite/arm-none-eabi/lib/libc.a(lib_a-dtoa.o)
memmove                                           /opt/CodeSourcery/Sourcery_G++_Lite/arm-none-eabi/lib/libc.a(lib_a-memmove.o)
                                                  /opt/CodeSourcery/Sourcery_G++_Lite/arm-none-eabi/lib/libc.a(lib_a-reallocr.o)
                                                  /opt/CodeSourcery/Sourcery_G++_Lite/arm-none-eabi/lib/libc.a(lib_a-svfiprintf.o)
memset                                            /opt/CodeSourcery/Sourcery_G++_Lite/arm-none-eabi/lib/libc.a(lib_a-memset.o)
                                                  /opt/CodeSourcery/Sourcery_G++_Lite/arm-none-eabi/lib/libc.a(lib_a-callocr.o)
num0                                              Lcd.o
num1                                              Lcd.o
num2                                              Lcd.o
num3                                              Lcd.o
num4                                              Lcd.o
num5                                              Lcd.o
num6                                              Lcd.o
num7                                              Lcd.o
num8                                              Lcd.o
num9                                              Lcd.o
num_buffer                                        Lcd.o
num_dot                                           Lcd.o
num_dots                                          Lcd.o
num_hex                                           Lcd.o
paint_bg                                          Lcd.o
paint_current                                     Lcd.o
paint_dot                                         Lcd.o
                                                  Touch.o
paint_frame                                       Lcd.o
paint_hour0                                       Lcd.o
paint_hour1                                       Lcd.o
paint_init                                        Lcd.o
                                                  Main.o
paint_min0                                        Lcd.o
paint_min1                                        Lcd.o
paint_number                                      Lcd.o
                                                  Touch.o
paint_rect                                        Lcd.o
paint_sec0                                        Lcd.o
paint_sec1                                        Lcd.o
paint_temp_symbol                                 Lcd.o
paint_temperature                                 Lcd.o
                                                  Main.o
paint_time                                        Lcd.o
                                                  Timer.o
rodata_end_addr                                   s3c2450_startup.o
set_current_time                                  Time.o
                                                  Touch.o
setlocale                                         /opt/CodeSourcery/Sourcery_G++_Lite/arm-none-eabi/lib/libc.a(lib_a-locale.o)
setting_hour                                      Touch.o
setting_min                                       Touch.o
setting_on                                        Touch.o
stop_timer1                                       Timer.o
strcmp                                            /opt/CodeSourcery/Sourcery_G++_Lite/arm-none-eabi/lib/libc.a(lib_a-strcmp.o)
                                                  /opt/CodeSourcery/Sourcery_G++_Lite/arm-none-eabi/lib/libc.a(lib_a-locale.o)
strlen                                            /opt/CodeSourcery/Sourcery_G++_Lite/arm-none-eabi/lib/libc.a(lib_a-strlen.o)
                                                  /opt/CodeSourcery/Sourcery_G++_Lite/arm-none-eabi/lib/libc.a(lib_a-svfiprintf.o)
                                                  /opt/CodeSourcery/Sourcery_G++_Lite/arm-none-eabi/lib/libc.a(lib_a-svfprintf.o)
time_color                                        Main.o
                                                  Timer.o
vsprintf                                          /opt/CodeSourcery/Sourcery_G++_Lite/arm-none-eabi/lib/libc.a(lib_a-vsprintf.o)
                                                  Uart.o
